16:29:22 **** Incremental Build of configuration Debug for project vdma_lcd_lvds ****
make pre-build main-build 
a9-linaro-pre-build-step
' '
make: Nothing to be done for `main-build'.
16:29:40 **** Incremental Build of configuration Debug for project vdma_lcd_lvds ****
make pre-build main-build 
a9-linaro-pre-build-step
' '
'Building file: ../src/display_demo.c'
'Invoking: ARM v7 gcc compiler'
arm-none-eabi-gcc -Wall -O0 -g3 -c -fmessage-length=0 -MT"src/display_demo.o" -mcpu=cortex-a9 -mfpu=vfpv3 -mfloat-abi=hard -I../../vdma_lcd_lvds_bsp/ps7_cortexa9_0/include -MMD -MP -MF"src/display_demo.d" -MT"src/display_demo.o" -o "src/display_demo.o" "../src/display_demo.c"
../src/display_demo.c: In function 'main':
../src/display_demo.c:76:26: error: 'Intc' undeclared (first use in this function); did you mean 'Vtc'?
  Vdma_Setup_Intr_System(&Intc, &AxiVdma, VDMA_INTR_ID);
                          ^~~~
                          Vtc
../src/display_demo.c:76:26: note: each undeclared identifier is reported only once for each function it appears in
In file included from ../src/display_demo.c:22:0:
../src/vdma_config.h:20:23: error: 'XPAR_FABRIC_AXI_VDMA_0_MM2S_INTROUT_INTR' undeclared (first use in this function); did you mean 'XPAR_AXI_VDMA_0_MM2S_GENLOCK_MODE'?
 #define VDMA_INTR_ID  XPAR_FABRIC_AXI_VDMA_0_MM2S_INTROUT_INTR
                       ^
../src/vdma_config.h:20:23: note: in definition of macro 'VDMA_INTR_ID'
 #define VDMA_INTR_ID  XPAR_FABRIC_AXI_VDMA_0_MM2S_INTROUT_INTR
                       ^~~~~~~~~~~~~~~~~~~~~~~~~~~~~~~~~~~~~~~~
../src/display_demo.c:68:19: warning: unused variable 'vdmaConfig' [-Wunused-variable]
  XAxiVdma_Config *vdmaConfig;
                   ^~~~~~~~~~
make: *** [src/display_demo.o] ´íÎó 1
16:30:40 **** Auto Build of configuration Debug for project vdma_lcd_lvds ****
make pre-build main-build 
a9-linaro-pre-build-step
' '
'Building file: ../src/display_demo.c'
'Invoking: ARM v7 gcc compiler'
arm-none-eabi-gcc -Wall -O0 -g3 -c -fmessage-length=0 -MT"src/display_demo.o" -mcpu=cortex-a9 -mfpu=vfpv3 -mfloat-abi=hard -I../../vdma_lcd_lvds_bsp/ps7_cortexa9_0/include -MMD -MP -MF"src/display_demo.d" -MT"src/display_demo.o" -o "src/display_demo.o" "../src/display_demo.c"
../src/display_demo.c: In function 'main':
../src/display_demo.c:68:19: warning: unused variable 'vdmaConfig' [-Wunused-variable]
  XAxiVdma_Config *vdmaConfig;
                   ^~~~~~~~~~
'Finished building: ../src/display_demo.c'
' '
'Building target: vdma_lcd_lvds.elf'
'Invoking: ARM v7 gcc linker'
arm-none-eabi-gcc -mcpu=cortex-a9 -mfpu=vfpv3 -mfloat-abi=hard -Wl,-build-id=none -specs=Xilinx.spec -Wl,-T -Wl,../src/lscript.ld -L../../vdma_lcd_lvds_bsp/ps7_cortexa9_0/lib -o "vdma_lcd_lvds.elf"  ./src/display_ctrl.o ./src/display_demo.o ./src/platform.o ./src/vdma_config.o ./src/vtc_config.o   -Wl,--start-group,-lxil,-lgcc,-lc,--end-group
'Finished building target: vdma_lcd_lvds.elf'
' '
'Invoking: ARM v7 Print Size'
arm-none-eabi-size vdma_lcd_lvds.elf  |tee "vdma_lcd_lvds.elf.size"
   text	   data	    bss	    dec	    hex	filename
6274696	   1808	24911184	31187688	1dbe2e8	vdma_lcd_lvds.elf
'Finished building: vdma_lcd_lvds.elf.size'
' '
16:33:53 **** Auto Build of configuration Debug for project vdma_lcd_lvds ****
make pre-build main-build 
a9-linaro-pre-build-step
' '
'Building file: ../src/vdma_config.c'
'Invoking: ARM v7 gcc compiler'
arm-none-eabi-gcc -Wall -O0 -g3 -c -fmessage-length=0 -MT"src/vdma_config.o" -mcpu=cortex-a9 -mfpu=vfpv3 -mfloat-abi=hard -I../../vdma_lcd_lvds_bsp/ps7_cortexa9_0/include -MMD -MP -MF"src/vdma_config.d" -MT"src/vdma_config.o" -o "src/vdma_config.o" "../src/vdma_config.c"
'Finished building: ../src/vdma_config.c'
' '
'Building target: vdma_lcd_lvds.elf'
'Invoking: ARM v7 gcc linker'
arm-none-eabi-gcc -mcpu=cortex-a9 -mfpu=vfpv3 -mfloat-abi=hard -Wl,-build-id=none -specs=Xilinx.spec -Wl,-T -Wl,../src/lscript.ld -L../../vdma_lcd_lvds_bsp/ps7_cortexa9_0/lib -o "vdma_lcd_lvds.elf"  ./src/display_ctrl.o ./src/display_demo.o ./src/platform.o ./src/vdma_config.o ./src/vtc_config.o   -Wl,--start-group,-lxil,-lgcc,-lc,--end-group
'Finished building target: vdma_lcd_lvds.elf'
' '
'Invoking: ARM v7 Print Size'
arm-none-eabi-size vdma_lcd_lvds.elf  |tee "vdma_lcd_lvds.elf.size"
   text	   data	    bss	    dec	    hex	filename
6274820	   1808	24911184	31187812	1dbe364	vdma_lcd_lvds.elf
'Finished building: vdma_lcd_lvds.elf.size'
' '
16:34:36 **** Auto Build of configuration Debug for project vdma_lcd_lvds ****
make pre-build main-build 
a9-linaro-pre-build-step
' '
'Building file: ../src/display_demo.c'
'Invoking: ARM v7 gcc compiler'
arm-none-eabi-gcc -Wall -O0 -g3 -c -fmessage-length=0 -MT"src/display_demo.o" -mcpu=cortex-a9 -mfpu=vfpv3 -mfloat-abi=hard -I../../vdma_lcd_lvds_bsp/ps7_cortexa9_0/include -MMD -MP -MF"src/display_demo.d" -MT"src/display_demo.o" -o "src/display_demo.o" "../src/display_demo.c"
../src/display_demo.c: In function 'main':
../src/display_demo.c:68:19: warning: unused variable 'vdmaConfig' [-Wunused-variable]
  XAxiVdma_Config *vdmaConfig;
                   ^~~~~~~~~~
'Finished building: ../src/display_demo.c'
' '
'Building target: vdma_lcd_lvds.elf'
'Invoking: ARM v7 gcc linker'
arm-none-eabi-gcc -mcpu=cortex-a9 -mfpu=vfpv3 -mfloat-abi=hard -Wl,-build-id=none -specs=Xilinx.spec -Wl,-T -Wl,../src/lscript.ld -L../../vdma_lcd_lvds_bsp/ps7_cortexa9_0/lib -o "vdma_lcd_lvds.elf"  ./src/display_ctrl.o ./src/display_demo.o ./src/platform.o ./src/vdma_config.o ./src/vtc_config.o   -Wl,--start-group,-lxil,-lgcc,-lc,--end-group
'Finished building target: vdma_lcd_lvds.elf'
' '
'Invoking: ARM v7 Print Size'
arm-none-eabi-size vdma_lcd_lvds.elf  |tee "vdma_lcd_lvds.elf.size"
   text	   data	    bss	    dec	    hex	filename
6274820	   1808	24911184	31187812	1dbe364	vdma_lcd_lvds.elf
'Finished building: vdma_lcd_lvds.elf.size'
' '
16:35:12 **** Incremental Build of configuration Debug for project vdma_lcd_lvds ****
make pre-build main-build 
a9-linaro-pre-build-step
' '
make: Nothing to be done for `main-build'.
16:37:10 **** Auto Build of configuration Debug for project vdma_lcd_lvds ****
make pre-build main-build 
a9-linaro-pre-build-step
' '
'Building file: ../src/display_demo.c'
'Invoking: ARM v7 gcc compiler'
arm-none-eabi-gcc -Wall -O0 -g3 -c -fmessage-length=0 -MT"src/display_demo.o" -mcpu=cortex-a9 -mfpu=vfpv3 -mfloat-abi=hard -I../../vdma_lcd_lvds_bsp/ps7_cortexa9_0/include -MMD -MP -MF"src/display_demo.d" -MT"src/display_demo.o" -o "src/display_demo.o" "../src/display_demo.c"
../src/display_demo.c: In function 'main':
../src/display_demo.c:68:19: warning: unused variable 'vdmaConfig' [-Wunused-variable]
  XAxiVdma_Config *vdmaConfig;
                   ^~~~~~~~~~
'Finished building: ../src/display_demo.c'
' '
'Building target: vdma_lcd_lvds.elf'
'Invoking: ARM v7 gcc linker'
arm-none-eabi-gcc -mcpu=cortex-a9 -mfpu=vfpv3 -mfloat-abi=hard -Wl,-build-id=none -specs=Xilinx.spec -Wl,-T -Wl,../src/lscript.ld -L../../vdma_lcd_lvds_bsp/ps7_cortexa9_0/lib -o "vdma_lcd_lvds.elf"  ./src/display_ctrl.o ./src/display_demo.o ./src/platform.o ./src/vdma_config.o ./src/vtc_config.o   -Wl,--start-group,-lxil,-lgcc,-lc,--end-group
'Finished building target: vdma_lcd_lvds.elf'
' '
'Invoking: ARM v7 Print Size'
arm-none-eabi-size vdma_lcd_lvds.elf  |tee "vdma_lcd_lvds.elf.size"
   text	   data	    bss	    dec	    hex	filename
6274820	   1808	24911184	31187812	1dbe364	vdma_lcd_lvds.elf
'Finished building: vdma_lcd_lvds.elf.size'
' '
16:53:37 **** Incremental Build of configuration Debug for project vdma_lcd_lvds ****
make pre-build main-build 
a9-linaro-pre-build-step
' '
make: Nothing to be done for `main-build'.
16:56:36 **** Incremental Build of configuration Debug for project vdma_lcd_lvds ****
make pre-build main-build 
a9-linaro-pre-build-step
' '
make: Nothing to be done for `main-build'.
17:01:39 **** Incremental Build of configuration Debug for project vdma_lcd_lvds ****
make pre-build main-build 
a9-linaro-pre-build-step
' '
make: Nothing to be done for `main-build'.
17:01:39 **** Incremental Build of configuration Debug for project vdma_lcd_lvds ****
make pre-build main-build 
a9-linaro-pre-build-step
' '
make: Nothing to be done for `main-build'.
17:02:48 **** Incremental Build of configuration Debug for project vdma_lcd_lvds ****
make pre-build main-build 
a9-linaro-pre-build-step
' '
make: Nothing to be done for `main-build'.
17:08:30 **** Incremental Build of configuration Debug for project vdma_lcd_lvds ****
make pre-build main-build 
a9-linaro-pre-build-step
' '
make: Nothing to be done for `main-build'.
17:19:49 **** Auto Build of configuration Debug for project vdma_lcd_lvds ****
make pre-build main-build 
a9-linaro-pre-build-step
' '
'Building file: ../src/display_ctrl.c'
'Invoking: ARM v7 gcc compiler'
arm-none-eabi-gcc -Wall -O0 -g3 -c -fmessage-length=0 -MT"src/display_ctrl.o" -mcpu=cortex-a9 -mfpu=vfpv3 -mfloat-abi=hard -I../../vdma_lcd_lvds_bsp/ps7_cortexa9_0/include -MMD -MP -MF"src/display_ctrl.d" -MT"src/display_ctrl.o" -o "src/display_ctrl.o" "../src/display_ctrl.c"
'Finished building: ../src/display_ctrl.c'
' '
'Building target: vdma_lcd_lvds.elf'
'Invoking: ARM v7 gcc linker'
arm-none-eabi-gcc -mcpu=cortex-a9 -mfpu=vfpv3 -mfloat-abi=hard -Wl,-build-id=none -specs=Xilinx.spec -Wl,-T -Wl,../src/lscript.ld -L../../vdma_lcd_lvds_bsp/ps7_cortexa9_0/lib -o "vdma_lcd_lvds.elf"  ./src/display_ctrl.o ./src/display_demo.o ./src/platform.o ./src/vdma_config.o ./src/vtc_config.o   -Wl,--start-group,-lxil,-lgcc,-lc,--end-group
'Finished building target: vdma_lcd_lvds.elf'
' '
'Invoking: ARM v7 Print Size'
arm-none-eabi-size vdma_lcd_lvds.elf  |tee "vdma_lcd_lvds.elf.size"
   text	   data	    bss	    dec	    hex	filename
6274820	   1808	24911184	31187812	1dbe364	vdma_lcd_lvds.elf
'Finished building: vdma_lcd_lvds.elf.size'
' '
17:20:04 **** Auto Build of configuration Debug for project vdma_lcd_lvds ****
make pre-build main-build 
a9-linaro-pre-build-step
' '
'Building file: ../src/display_demo.c'
'Invoking: ARM v7 gcc compiler'
arm-none-eabi-gcc -Wall -O0 -g3 -c -fmessage-length=0 -MT"src/display_demo.o" -mcpu=cortex-a9 -mfpu=vfpv3 -mfloat-abi=hard -I../../vdma_lcd_lvds_bsp/ps7_cortexa9_0/include -MMD -MP -MF"src/display_demo.d" -MT"src/display_demo.o" -o "src/display_demo.o" "../src/display_demo.c"
../src/display_demo.c: In function 'main':
../src/display_demo.c:68:19: warning: unused variable 'vdmaConfig' [-Wunused-variable]
  XAxiVdma_Config *vdmaConfig;
                   ^~~~~~~~~~
'Finished building: ../src/display_demo.c'
' '
'Building target: vdma_lcd_lvds.elf'
'Invoking: ARM v7 gcc linker'
arm-none-eabi-gcc -mcpu=cortex-a9 -mfpu=vfpv3 -mfloat-abi=hard -Wl,-build-id=none -specs=Xilinx.spec -Wl,-T -Wl,../src/lscript.ld -L../../vdma_lcd_lvds_bsp/ps7_cortexa9_0/lib -o "vdma_lcd_lvds.elf"  ./src/display_ctrl.o ./src/display_demo.o ./src/platform.o ./src/vdma_config.o ./src/vtc_config.o   -Wl,--start-group,-lxil,-lgcc,-lc,--end-group
'Finished building target: vdma_lcd_lvds.elf'
' '
'Invoking: ARM v7 Print Size'
arm-none-eabi-size vdma_lcd_lvds.elf  |tee "vdma_lcd_lvds.elf.size"
   text	   data	    bss	    dec	    hex	filename
6274820	   1808	24911184	31187812	1dbe364	vdma_lcd_lvds.elf
'Finished building: vdma_lcd_lvds.elf.size'
' '
17:20:53 **** Incremental Build of configuration Debug for project vdma_lcd_lvds ****
make pre-build main-build 
a9-linaro-pre-build-step
' '
make: Nothing to be done for `main-build'.
17:22:28 **** Auto Build of configuration Debug for project vdma_lcd_lvds ****
make pre-build main-build 
a9-linaro-pre-build-step
' '
'Building file: ../src/display_ctrl.c'
'Invoking: ARM v7 gcc compiler'
arm-none-eabi-gcc -Wall -O0 -g3 -c -fmessage-length=0 -MT"src/display_ctrl.o" -mcpu=cortex-a9 -mfpu=vfpv3 -mfloat-abi=hard -I../../vdma_lcd_lvds_bsp/ps7_cortexa9_0/include -MMD -MP -MF"src/display_ctrl.d" -MT"src/display_ctrl.o" -o "src/display_ctrl.o" "../src/display_ctrl.c"
'Finished building: ../src/display_ctrl.c'
' '
'Building target: vdma_lcd_lvds.elf'
'Invoking: ARM v7 gcc linker'
arm-none-eabi-gcc -mcpu=cortex-a9 -mfpu=vfpv3 -mfloat-abi=hard -Wl,-build-id=none -specs=Xilinx.spec -Wl,-T -Wl,../src/lscript.ld -L../../vdma_lcd_lvds_bsp/ps7_cortexa9_0/lib -o "vdma_lcd_lvds.elf"  ./src/display_ctrl.o ./src/display_demo.o ./src/platform.o ./src/vdma_config.o ./src/vtc_config.o   -Wl,--start-group,-lxil,-lgcc,-lc,--end-group
'Finished building target: vdma_lcd_lvds.elf'
' '
'Invoking: ARM v7 Print Size'
arm-none-eabi-size vdma_lcd_lvds.elf  |tee "vdma_lcd_lvds.elf.size"
   text	   data	    bss	    dec	    hex	filename
6274820	   1808	24911184	31187812	1dbe364	vdma_lcd_lvds.elf
'Finished building: vdma_lcd_lvds.elf.size'
' '
17:22:34 **** Incremental Build of configuration Debug for project vdma_lcd_lvds ****
make pre-build main-build 
a9-linaro-pre-build-step
' '
make: Nothing to be done for `main-build'.
17:23:38 **** Incremental Build of configuration Debug for project vdma_lcd_lvds ****
make pre-build main-build 
a9-linaro-pre-build-step
' '
make: Nothing to be done for `main-build'.
17:27:18 **** Incremental Build of configuration Debug for project vdma_lcd_lvds ****
make pre-build main-build 
a9-linaro-pre-build-step
' '
make: Nothing to be done for `main-build'.
17:30:14 **** Incremental Build of configuration Debug for project vdma_lcd_lvds ****
make pre-build main-build 
a9-linaro-pre-build-step
' '
make: Nothing to be done for `main-build'.
18:52:43 **** Auto Build of configuration Debug for project vdma_lcd_lvds ****
make pre-build main-build 
a9-linaro-pre-build-step
' '
'Building file: ../src/vdma_config.c'
'Invoking: ARM v7 gcc compiler'
arm-none-eabi-gcc -Wall -O0 -g3 -c -fmessage-length=0 -MT"src/vdma_config.o" -mcpu=cortex-a9 -mfpu=vfpv3 -mfloat-abi=hard -I../../vdma_lcd_lvds_bsp/ps7_cortexa9_0/include -MMD -MP -MF"src/vdma_config.d" -MT"src/vdma_config.o" -o "src/vdma_config.o" "../src/vdma_config.c"
'Finished building: ../src/vdma_config.c'
' '
'Building target: vdma_lcd_lvds.elf'
'Invoking: ARM v7 gcc linker'
arm-none-eabi-gcc -mcpu=cortex-a9 -mfpu=vfpv3 -mfloat-abi=hard -Wl,-build-id=none -specs=Xilinx.spec -Wl,-T -Wl,../src/lscript.ld -L../../vdma_lcd_lvds_bsp/ps7_cortexa9_0/lib -o "vdma_lcd_lvds.elf"  ./src/display_ctrl.o ./src/display_demo.o ./src/platform.o ./src/vdma_config.o ./src/vtc_config.o   -Wl,--start-group,-lxil,-lgcc,-lc,--end-group
'Finished building target: vdma_lcd_lvds.elf'
' '
'Invoking: ARM v7 Print Size'
arm-none-eabi-size vdma_lcd_lvds.elf  |tee "vdma_lcd_lvds.elf.size"
   text	   data	    bss	    dec	    hex	filename
6274712	   1808	24911184	31187704	1dbe2f8	vdma_lcd_lvds.elf
'Finished building: vdma_lcd_lvds.elf.size'
' '
18:52:49 **** Incremental Build of configuration Debug for project vdma_lcd_lvds ****
make pre-build main-build 
a9-linaro-pre-build-step
' '
make: Nothing to be done for `main-build'.
18:53:31 **** Incremental Build of configuration Debug for project vdma_lcd_lvds ****
make pre-build main-build 
a9-linaro-pre-build-step
' '
make: Nothing to be done for `main-build'.
18:55:17 **** Incremental Build of configuration Debug for project vdma_lcd_lvds ****
make pre-build main-build 
a9-linaro-pre-build-step
' '
make: Nothing to be done for `main-build'.
18:55:28 **** Incremental Build of configuration Debug for project vdma_lcd_lvds ****
make pre-build main-build 
a9-linaro-pre-build-step
' '
make: Nothing to be done for `main-build'.
18:55:31 **** Incremental Build of configuration Debug for project vdma_lcd_lvds ****
make pre-build main-build 
a9-linaro-pre-build-step
' '
make: Nothing to be done for `main-build'.
19:04:45 **** Incremental Build of configuration Debug for project vdma_lcd_lvds ****
make pre-build main-build 
a9-linaro-pre-build-step
' '
make: Nothing to be done for `main-build'.
19:18:38 **** Auto Build of configuration Debug for project vdma_lcd_lvds ****
make pre-build main-build 
a9-linaro-pre-build-step
' '
'Building file: ../src/display_demo.c'
'Invoking: ARM v7 gcc compiler'
arm-none-eabi-gcc -Wall -O0 -g3 -c -fmessage-length=0 -MT"src/display_demo.o" -mcpu=cortex-a9 -mfpu=vfpv3 -mfloat-abi=hard -I../../vdma_lcd_lvds_bsp/ps7_cortexa9_0/include -MMD -MP -MF"src/display_demo.d" -MT"src/display_demo.o" -o "src/display_demo.o" "../src/display_demo.c"
../src/display_demo.c: In function 'main':
../src/display_demo.c:68:19: warning: unused variable 'vdmaConfig' [-Wunused-variable]
  XAxiVdma_Config *vdmaConfig;
                   ^~~~~~~~~~
'Finished building: ../src/display_demo.c'
' '
'Building target: vdma_lcd_lvds.elf'
'Invoking: ARM v7 gcc linker'
arm-none-eabi-gcc -mcpu=cortex-a9 -mfpu=vfpv3 -mfloat-abi=hard -Wl,-build-id=none -specs=Xilinx.spec -Wl,-T -Wl,../src/lscript.ld -L../../vdma_lcd_lvds_bsp/ps7_cortexa9_0/lib -o "vdma_lcd_lvds.elf"  ./src/display_ctrl.o ./src/display_demo.o ./src/platform.o ./src/vdma_config.o ./src/vtc_config.o   -Wl,--start-group,-lxil,-lgcc,-lc,--end-group
'Finished building target: vdma_lcd_lvds.elf'
' '
'Invoking: ARM v7 Print Size'
arm-none-eabi-size vdma_lcd_lvds.elf  |tee "vdma_lcd_lvds.elf.size"
   text	   data	    bss	    dec	    hex	filename
6274712	   1808	24911184	31187704	1dbe2f8	vdma_lcd_lvds.elf
'Finished building: vdma_lcd_lvds.elf.size'
' '
19:20:06 **** Auto Build of configuration Debug for project vdma_lcd_lvds ****
make pre-build main-build 
a9-linaro-pre-build-step
' '
'Building file: ../src/display_demo.c'
'Invoking: ARM v7 gcc compiler'
arm-none-eabi-gcc -Wall -O0 -g3 -c -fmessage-length=0 -MT"src/display_demo.o" -mcpu=cortex-a9 -mfpu=vfpv3 -mfloat-abi=hard -I../../vdma_lcd_lvds_bsp/ps7_cortexa9_0/include -MMD -MP -MF"src/display_demo.d" -MT"src/display_demo.o" -o "src/display_demo.o" "../src/display_demo.c"
../src/display_demo.c: In function 'main':
../src/display_demo.c:68:19: warning: unused variable 'vdmaConfig' [-Wunused-variable]
  XAxiVdma_Config *vdmaConfig;
                   ^~~~~~~~~~
'Finished building: ../src/display_demo.c'
' '
'Building target: vdma_lcd_lvds.elf'
'Invoking: ARM v7 gcc linker'
arm-none-eabi-gcc -mcpu=cortex-a9 -mfpu=vfpv3 -mfloat-abi=hard -Wl,-build-id=none -specs=Xilinx.spec -Wl,-T -Wl,../src/lscript.ld -L../../vdma_lcd_lvds_bsp/ps7_cortexa9_0/lib -o "vdma_lcd_lvds.elf"  ./src/display_ctrl.o ./src/display_demo.o ./src/platform.o ./src/vdma_config.o ./src/vtc_config.o   -Wl,--start-group,-lxil,-lgcc,-lc,--end-group
'Finished building target: vdma_lcd_lvds.elf'
' '
'Invoking: ARM v7 Print Size'
arm-none-eabi-size vdma_lcd_lvds.elf  |tee "vdma_lcd_lvds.elf.size"
   text	   data	    bss	    dec	    hex	filename
6274712	   1808	24911184	31187704	1dbe2f8	vdma_lcd_lvds.elf
'Finished building: vdma_lcd_lvds.elf.size'
' '
19:20:42 **** Auto Build of configuration Debug for project vdma_lcd_lvds ****
make pre-build main-build 
a9-linaro-pre-build-step
' '
'Building file: ../src/display_demo.c'
'Invoking: ARM v7 gcc compiler'
arm-none-eabi-gcc -Wall -O0 -g3 -c -fmessage-length=0 -MT"src/display_demo.o" -mcpu=cortex-a9 -mfpu=vfpv3 -mfloat-abi=hard -I../../vdma_lcd_lvds_bsp/ps7_cortexa9_0/include -MMD -MP -MF"src/display_demo.d" -MT"src/display_demo.o" -o "src/display_demo.o" "../src/display_demo.c"
../src/display_demo.c: In function 'main':
../src/display_demo.c:68:19: warning: unused variable 'vdmaConfig' [-Wunused-variable]
  XAxiVdma_Config *vdmaConfig;
                   ^~~~~~~~~~
'Finished building: ../src/display_demo.c'
' '
'Building target: vdma_lcd_lvds.elf'
'Invoking: ARM v7 gcc linker'
arm-none-eabi-gcc -mcpu=cortex-a9 -mfpu=vfpv3 -mfloat-abi=hard -Wl,-build-id=none -specs=Xilinx.spec -Wl,-T -Wl,../src/lscript.ld -L../../vdma_lcd_lvds_bsp/ps7_cortexa9_0/lib -o "vdma_lcd_lvds.elf"  ./src/display_ctrl.o ./src/display_demo.o ./src/platform.o ./src/vdma_config.o ./src/vtc_config.o   -Wl,--start-group,-lxil,-lgcc,-lc,--end-group
'Finished building target: vdma_lcd_lvds.elf'
' '
'Invoking: ARM v7 Print Size'
arm-none-eabi-size vdma_lcd_lvds.elf  |tee "vdma_lcd_lvds.elf.size"
   text	   data	    bss	    dec	    hex	filename
6274724	   1808	24911184	31187716	1dbe304	vdma_lcd_lvds.elf
'Finished building: vdma_lcd_lvds.elf.size'
' '
19:21:29 **** Incremental Build of configuration Debug for project vdma_lcd_lvds ****
make pre-build main-build 
a9-linaro-pre-build-step
' '
make: Nothing to be done for `main-build'.
19:22:12 **** Auto Build of configuration Debug for project vdma_lcd_lvds ****
make pre-build main-build 
a9-linaro-pre-build-step
' '
'Building file: ../src/display_demo.c'
'Invoking: ARM v7 gcc compiler'
arm-none-eabi-gcc -Wall -O0 -g3 -c -fmessage-length=0 -MT"src/display_demo.o" -mcpu=cortex-a9 -mfpu=vfpv3 -mfloat-abi=hard -I../../vdma_lcd_lvds_bsp/ps7_cortexa9_0/include -MMD -MP -MF"src/display_demo.d" -MT"src/display_demo.o" -o "src/display_demo.o" "../src/display_demo.c"
../src/display_demo.c: In function 'main':
../src/display_demo.c:97:12: warning: unused variable 'VMODE' [-Wunused-variable]
  VideoMode VMODE = VMODE_1920x1080;
            ^~~~~
../src/display_demo.c:68:19: warning: unused variable 'vdmaConfig' [-Wunused-variable]
  XAxiVdma_Config *vdmaConfig;
                   ^~~~~~~~~~
../src/display_demo.c:67:6: warning: unused variable 'Status' [-Wunused-variable]
  int Status;
      ^~~~~~
'Finished building: ../src/display_demo.c'
' '
'Building target: vdma_lcd_lvds.elf'
'Invoking: ARM v7 gcc linker'
arm-none-eabi-gcc -mcpu=cortex-a9 -mfpu=vfpv3 -mfloat-abi=hard -Wl,-build-id=none -specs=Xilinx.spec -Wl,-T -Wl,../src/lscript.ld -L../../vdma_lcd_lvds_bsp/ps7_cortexa9_0/lib -o "vdma_lcd_lvds.elf"  ./src/display_ctrl.o ./src/display_demo.o ./src/platform.o ./src/vdma_config.o ./src/vtc_config.o   -Wl,--start-group,-lxil,-lgcc,-lc,--end-group
'Finished building target: vdma_lcd_lvds.elf'
' '
'Invoking: ARM v7 Print Size'
arm-none-eabi-size vdma_lcd_lvds.elf  |tee "vdma_lcd_lvds.elf.size"
   text	   data	    bss	    dec	    hex	filename
6274472	   1808	24911184	31187464	1dbe208	vdma_lcd_lvds.elf
'Finished building: vdma_lcd_lvds.elf.size'
' '
19:23:18 **** Auto Build of configuration Debug for project vdma_lcd_lvds ****
make pre-build main-build 
a9-linaro-pre-build-step
' '
'Building file: ../src/display_demo.c'
'Invoking: ARM v7 gcc compiler'
arm-none-eabi-gcc -Wall -O0 -g3 -c -fmessage-length=0 -MT"src/display_demo.o" -mcpu=cortex-a9 -mfpu=vfpv3 -mfloat-abi=hard -I../../vdma_lcd_lvds_bsp/ps7_cortexa9_0/include -MMD -MP -MF"src/display_demo.d" -MT"src/display_demo.o" -o "src/display_demo.o" "../src/display_demo.c"
../src/display_demo.c: In function 'main':
../src/display_demo.c:97:12: warning: unused variable 'VMODE' [-Wunused-variable]
  VideoMode VMODE = VMODE_1920x1080;
            ^~~~~
'Finished building: ../src/display_demo.c'
' '
'Building target: vdma_lcd_lvds.elf'
'Invoking: ARM v7 gcc linker'
arm-none-eabi-gcc -mcpu=cortex-a9 -mfpu=vfpv3 -mfloat-abi=hard -Wl,-build-id=none -specs=Xilinx.spec -Wl,-T -Wl,../src/lscript.ld -L../../vdma_lcd_lvds_bsp/ps7_cortexa9_0/lib -o "vdma_lcd_lvds.elf"  ./src/display_ctrl.o ./src/display_demo.o ./src/platform.o ./src/vdma_config.o ./src/vtc_config.o   -Wl,--start-group,-lxil,-lgcc,-lc,--end-group
'Finished building target: vdma_lcd_lvds.elf'
' '
'Invoking: ARM v7 Print Size'
arm-none-eabi-size vdma_lcd_lvds.elf  |tee "vdma_lcd_lvds.elf.size"
   text	   data	    bss	    dec	    hex	filename
6274472	   1808	24911184	31187464	1dbe208	vdma_lcd_lvds.elf
'Finished building: vdma_lcd_lvds.elf.size'
' '
19:26:51 **** Incremental Build of configuration Debug for project vdma_lcd_lvds ****
make pre-build main-build 
a9-linaro-pre-build-step
' '
make: Nothing to be done for `main-build'.
19:51:04 **** Incremental Build of configuration Debug for project vdma_lcd_lvds ****
make pre-build main-build 
a9-linaro-pre-build-step
' '
'Building file: ../src/display_ctrl.c'
'Invoking: ARM v7 gcc compiler'
arm-none-eabi-gcc -Wall -O0 -g3 -c -fmessage-length=0 -MT"src/display_ctrl.o" -mcpu=cortex-a9 -mfpu=vfpv3 -mfloat-abi=hard -I../../vdma_lcd_lvds_bsp/ps7_cortexa9_0/include -MMD -MP -MF"src/display_ctrl.d" -MT"src/display_ctrl.o" -o "src/display_ctrl.o" "../src/display_ctrl.c"
In file included from ../src/display_ctrl.c:63:0:
../src/display_ctrl.h:54:10: fatal error: xil_types.h: No such file or directory
 #include "xil_types.h"
          ^~~~~~~~~~~~~
compilation terminated.
make: *** [src/display_ctrl.o] ´íÎó 1
19:51:36 **** Auto Build of configuration Debug for project vdma_lcd_lvds ****
make pre-build main-build 
a9-linaro-pre-build-step
' '
'Building file: ../src/display_ctrl.c'
'Invoking: ARM v7 gcc compiler'
arm-none-eabi-gcc -Wall -O0 -g3 -c -fmessage-length=0 -MT"src/display_ctrl.o" -mcpu=cortex-a9 -mfpu=vfpv3 -mfloat-abi=hard -I../../vdma_lcd_lvds_bsp/ps7_cortexa9_0/include -MMD -MP -MF"src/display_ctrl.d" -MT"src/display_ctrl.o" -o "src/display_ctrl.o" "../src/display_ctrl.c"
In file included from ../src/display_ctrl.c:63:0:
../src/display_ctrl.h:54:10: fatal error: xil_types.h: No such file or directory
 #include "xil_types.h"
          ^~~~~~~~~~~~~
compilation terminated.
make: *** [src/display_ctrl.o] ´íÎó 1
19:52:19 **** Auto Build of configuration Debug for project vdma_lcd_lvds ****
make pre-build main-build 
a9-linaro-pre-build-step
' '
'Building file: ../src/display_ctrl.c'
'Invoking: ARM v7 gcc compiler'
arm-none-eabi-gcc -Wall -O0 -g3 -c -fmessage-length=0 -MT"src/display_ctrl.o" -mcpu=cortex-a9 -mfpu=vfpv3 -mfloat-abi=hard -I../../vdma_lcd_lvds_bsp/ps7_cortexa9_0/include -MMD -MP -MF"src/display_ctrl.d" -MT"src/display_ctrl.o" -o "src/display_ctrl.o" "../src/display_ctrl.c"
In file included from ../src/display_ctrl.h:55:0,
                 from ../src/display_ctrl.c:63:
../src/vga_modes.h:26:2: error: unknown type name 'u32'
  u32 width;   /* Width(horizon) of the active video frame */
  ^~~
../src/vga_modes.h:27:2: error: unknown type name 'u32'
  u32 height;   /* Height(vertical) of the active video frame */
  ^~~
../src/vga_modes.h:28:2: error: unknown type name 'u32'
  u32 hps;    /* Start time of Horizontal sync pulse, in pixel clocks (active width + H. front porch) */
  ^~~
../src/vga_modes.h:29:2: error: unknown type name 'u32'
  u32 hpe;    /* End time of Horizontal sync pulse, in pixel clocks (active width + H. front porch + H. sync width) */
  ^~~
../src/vga_modes.h:30:2: error: unknown type name 'u32'
  u32 hmax;    /* Total number of pixel clocks per line (active width + H. front porch + H. sync width + H. back porch) */
  ^~~
../src/vga_modes.h:31:2: error: unknown type name 'u32'
  u32 hpol;    /* hsync pulse polarity */
  ^~~
../src/vga_modes.h:32:2: error: unknown type name 'u32'
  u32 vps;   /* Start time of Vertical sync pulse, in lines (active height + V. front porch) */
  ^~~
../src/vga_modes.h:33:2: error: unknown type name 'u32'
  u32 vpe;   /* End time of Vertical sync pulse, in lines (active height + V. front porch + V. sync width) */
  ^~~
../src/vga_modes.h:34:2: error: unknown type name 'u32'
  u32 vmax;    /* Total number of lines per frame (active height + V. front porch + V. sync width + V. back porch) */
  ^~~
../src/vga_modes.h:35:2: error: unknown type name 'u32'
  u32 vpol;    /* vsync pulse polarity */
  ^~~
In file included from ../src/display_ctrl.c:63:0:
../src/display_ctrl.h:56:10: fatal error: xaxivdma.h: No such file or directory
 #include "xaxivdma.h"
          ^~~~~~~~~~~~
compilation terminated.
make: *** [src/display_ctrl.o] ´íÎó 1
19:52:29 **** Auto Build of configuration Debug for project vdma_lcd_lvds ****
make pre-build main-build 
a9-linaro-pre-build-step
' '
'Building file: ../src/display_ctrl.c'
'Invoking: ARM v7 gcc compiler'
arm-none-eabi-gcc -Wall -O0 -g3 -c -fmessage-length=0 -MT"src/display_ctrl.o" -mcpu=cortex-a9 -mfpu=vfpv3 -mfloat-abi=hard -I../../vdma_lcd_lvds_bsp/ps7_cortexa9_0/include -MMD -MP -MF"src/display_ctrl.d" -MT"src/display_ctrl.o" -o "src/display_ctrl.o" "../src/display_ctrl.c"
In file included from ../src/display_ctrl.c:63:0:
../src/display_ctrl.h:54:10: fatal error: xil_types.h: No such file or directory
 #include "xil_types.h"
          ^~~~~~~~~~~~~
compilation terminated.
make: *** [src/display_ctrl.o] ´íÎó 1
19:53:50 **** Auto Build of configuration Debug for project vdma_lcd_lvds ****
make pre-build main-build 
a9-linaro-pre-build-step
' '
'Building file: ../src/display_ctrl.c'
'Invoking: ARM v7 gcc compiler'
arm-none-eabi-gcc -Wall -O0 -g3 -c -fmessage-length=0 -MT"src/display_ctrl.o" -mcpu=cortex-a9 -mfpu=vfpv3 -mfloat-abi=hard -I../../vdma_lcd_lvds_bsp/ps7_cortexa9_0/include -MMD -MP -MF"src/display_ctrl.d" -MT"src/display_ctrl.o" -o "src/display_ctrl.o" "../src/display_ctrl.c"
In file included from ../src/display_ctrl.h:55:0,
                 from ../src/display_ctrl.c:63:
../src/vga_modes.h:26:2: error: unknown type name 'u32'
  u32 width;   /* Width(horizon) of the active video frame */
  ^~~
../src/vga_modes.h:27:2: error: unknown type name 'u32'
  u32 height;   /* Height(vertical) of the active video frame */
  ^~~
../src/vga_modes.h:28:2: error: unknown type name 'u32'
  u32 hps;    /* Start time of Horizontal sync pulse, in pixel clocks (active width + H. front porch) */
  ^~~
../src/vga_modes.h:29:2: error: unknown type name 'u32'
  u32 hpe;    /* End time of Horizontal sync pulse, in pixel clocks (active width + H. front porch + H. sync width) */
  ^~~
../src/vga_modes.h:30:2: error: unknown type name 'u32'
  u32 hmax;    /* Total number of pixel clocks per line (active width + H. front porch + H. sync width + H. back porch) */
  ^~~
../src/vga_modes.h:31:2: error: unknown type name 'u32'
  u32 hpol;    /* hsync pulse polarity */
  ^~~
../src/vga_modes.h:32:2: error: unknown type name 'u32'
  u32 vps;   /* Start time of Vertical sync pulse, in lines (active height + V. front porch) */
  ^~~
../src/vga_modes.h:33:2: error: unknown type name 'u32'
  u32 vpe;   /* End time of Vertical sync pulse, in lines (active height + V. front porch + V. sync width) */
  ^~~
../src/vga_modes.h:34:2: error: unknown type name 'u32'
  u32 vmax;    /* Total number of lines per frame (active height + V. front porch + V. sync width + V. back porch) */
  ^~~
../src/vga_modes.h:35:2: error: unknown type name 'u32'
  u32 vpol;    /* vsync pulse polarity */
  ^~~
In file included from ../src/display_ctrl.c:63:0:
../src/display_ctrl.h:56:10: fatal error: xaxivdma.h: No such file or directory
 #include "xaxivdma.h"
          ^~~~~~~~~~~~
compilation terminated.
make: *** [src/display_ctrl.o] ´íÎó 1
19:53:55 **** Auto Build of configuration Debug for project vdma_lcd_lvds ****
make pre-build main-build 
a9-linaro-pre-build-step
' '
'Building file: ../src/display_ctrl.c'
'Invoking: ARM v7 gcc compiler'
arm-none-eabi-gcc -Wall -O0 -g3 -c -fmessage-length=0 -MT"src/display_ctrl.o" -mcpu=cortex-a9 -mfpu=vfpv3 -mfloat-abi=hard -I../../vdma_lcd_lvds_bsp/ps7_cortexa9_0/include -MMD -MP -MF"src/display_ctrl.d" -MT"src/display_ctrl.o" -o "src/display_ctrl.o" "../src/display_ctrl.c"
In file included from ../src/display_ctrl.c:63:0:
../src/display_ctrl.h:56:10: fatal error: xaxivdma.h: No such file or directory
 #include "xaxivdma.h"
          ^~~~~~~~~~~~
compilation terminated.
make: *** [src/display_ctrl.o] ´íÎó 1
19:55:34 **** Auto Build of project vdma_lcd_lvds_bsp ****
make -k all 
"Running Make include in ps7_cortexa9_0/libsrc/axivdma_v6_5/src"
make -C ps7_cortexa9_0/libsrc/axivdma_v6_5/src -s include  "SHELL=CMD" "COMPILER=arm-none-eabi-gcc" "ARCHIVER=arm-none-eabi-ar" "COMPILER_FLAGS=  -O2 -c" "EXTRA_COMPILER_FLAGS=-mcpu=cortex-a9 -mfpu=vfpv3 -mfloat-abi=hard -nostartfiles -g -Wall -Wextra"
"Running Make include in ps7_cortexa9_0/libsrc/coresightps_dcc_v1_4/src"
make -C ps7_cortexa9_0/libsrc/coresightps_dcc_v1_4/src -s include  "SHELL=CMD" "COMPILER=arm-none-eabi-gcc" "ARCHIVER=arm-none-eabi-ar" "COMPILER_FLAGS=  -O2 -c" "EXTRA_COMPILER_FLAGS=-mcpu=cortex-a9 -mfpu=vfpv3 -mfloat-abi=hard -nostartfiles -g -Wall -Wextra"
"Running Make include in ps7_cortexa9_0/libsrc/cpu_cortexa9_v2_6/src"
make -C ps7_cortexa9_0/libsrc/cpu_cortexa9_v2_6/src -s include  "SHELL=CMD" "COMPILER=arm-none-eabi-gcc" "ARCHIVER=arm-none-eabi-ar" "COMPILER_FLAGS=  -O2 -c" "EXTRA_COMPILER_FLAGS=-mcpu=cortex-a9 -mfpu=vfpv3 -mfloat-abi=hard -nostartfiles -g -Wall -Wextra"
"Running Make include in ps7_cortexa9_0/libsrc/ddrps_v1_0/src"
make -C ps7_cortexa9_0/libsrc/ddrps_v1_0/src -s include  "SHELL=CMD" "COMPILER=arm-none-eabi-gcc" "ARCHIVER=arm-none-eabi-ar" "COMPILER_FLAGS=  -O2 -c" "EXTRA_COMPILER_FLAGS=-mcpu=cortex-a9 -mfpu=vfpv3 -mfloat-abi=hard -nostartfiles -g -Wall -Wextra"
"Running Make include in ps7_cortexa9_0/libsrc/devcfg_v3_5/src"
make -C ps7_cortexa9_0/libsrc/devcfg_v3_5/src -s include  "SHELL=CMD" "COMPILER=arm-none-eabi-gcc" "ARCHIVER=arm-none-eabi-ar" "COMPILER_FLAGS=  -O2 -c" "EXTRA_COMPILER_FLAGS=-mcpu=cortex-a9 -mfpu=vfpv3 -mfloat-abi=hard -nostartfiles -g -Wall -Wextra"
"Running Make include in ps7_cortexa9_0/libsrc/dmaps_v2_3/src"
make -C ps7_cortexa9_0/libsrc/dmaps_v2_3/src -s include  "SHELL=CMD" "COMPILER=arm-none-eabi-gcc" "ARCHIVER=arm-none-eabi-ar" "COMPILER_FLAGS=  -O2 -c" "EXTRA_COMPILER_FLAGS=-mcpu=cortex-a9 -mfpu=vfpv3 -mfloat-abi=hard -nostartfiles -g -Wall -Wextra"
"Running Make include in ps7_cortexa9_0/libsrc/qspips_v3_4/src"
make -C ps7_cortexa9_0/libsrc/qspips_v3_4/src -s include  "SHELL=CMD" "COMPILER=arm-none-eabi-gcc" "ARCHIVER=arm-none-eabi-ar" "COMPILER_FLAGS=  -O2 -c" "EXTRA_COMPILER_FLAGS=-mcpu=cortex-a9 -mfpu=vfpv3 -mfloat-abi=hard -nostartfiles -g -Wall -Wextra"
"Running Make include in ps7_cortexa9_0/libsrc/scugic_v3_9/src"
make -C ps7_cortexa9_0/libsrc/scugic_v3_9/src -s include  "SHELL=CMD" "COMPILER=arm-none-eabi-gcc" "ARCHIVER=arm-none-eabi-ar" "COMPILER_FLAGS=  -O2 -c" "EXTRA_COMPILER_FLAGS=-mcpu=cortex-a9 -mfpu=vfpv3 -mfloat-abi=hard -nostartfiles -g -Wall -Wextra"
"Running Make include in ps7_cortexa9_0/libsrc/scutimer_v2_1/src"
make -C ps7_cortexa9_0/libsrc/scutimer_v2_1/src -s include  "SHELL=CMD" "COMPILER=arm-none-eabi-gcc" "ARCHIVER=arm-none-eabi-ar" "COMPILER_FLAGS=  -O2 -c" "EXTRA_COMPILER_FLAGS=-mcpu=cortex-a9 -mfpu=vfpv3 -mfloat-abi=hard -nostartfiles -g -Wall -Wextra"
"Running Make include in ps7_cortexa9_0/libsrc/scuwdt_v2_1/src"
make -C ps7_cortexa9_0/libsrc/scuwdt_v2_1/src -s include  "SHELL=CMD" "COMPILER=arm-none-eabi-gcc" "ARCHIVER=arm-none-eabi-ar" "COMPILER_FLAGS=  -O2 -c" "EXTRA_COMPILER_FLAGS=-mcpu=cortex-a9 -mfpu=vfpv3 -mfloat-abi=hard -nostartfiles -g -Wall -Wextra"
"Running Make include in ps7_cortexa9_0/libsrc/standalone_v6_7/src"
make -C ps7_cortexa9_0/libsrc/standalone_v6_7/src -s include  "SHELL=CMD" "COMPILER=arm-none-eabi-gcc" "ARCHIVER=arm-none-eabi-ar" "COMPILER_FLAGS=  -O2 -c" "EXTRA_COMPILER_FLAGS=-mcpu=cortex-a9 -mfpu=vfpv3 -mfloat-abi=hard -nostartfiles -g -Wall -Wextra"
"Running Make include in ps7_cortexa9_0/libsrc/uartps_v3_6/src"
make -C ps7_cortexa9_0/libsrc/uartps_v3_6/src -s include  "SHELL=CMD" "COMPILER=arm-none-eabi-gcc" "ARCHIVER=arm-none-eabi-ar" "COMPILER_FLAGS=  -O2 -c" "EXTRA_COMPILER_FLAGS=-mcpu=cortex-a9 -mfpu=vfpv3 -mfloat-abi=hard -nostartfiles -g -Wall -Wextra"
"Running Make include in ps7_cortexa9_0/libsrc/vtc_v7_2/src"
make -C ps7_cortexa9_0/libsrc/vtc_v7_2/src -s include  "SHELL=CMD" "COMPILER=arm-none-eabi-gcc" "ARCHIVER=arm-none-eabi-ar" "COMPILER_FLAGS=  -O2 -c" "EXTRA_COMPILER_FLAGS=-mcpu=cortex-a9 -mfpu=vfpv3 -mfloat-abi=hard -nostartfiles -g -Wall -Wextra"
"Running Make include in ps7_cortexa9_0/libsrc/xadcps_v2_2/src"
make -C ps7_cortexa9_0/libsrc/xadcps_v2_2/src -s include  "SHELL=CMD" "COMPILER=arm-none-eabi-gcc" "ARCHIVER=arm-none-eabi-ar" "COMPILER_FLAGS=  -O2 -c" "EXTRA_COMPILER_FLAGS=-mcpu=cortex-a9 -mfpu=vfpv3 -mfloat-abi=hard -nostartfiles -g -Wall -Wextra"
"Running Make libs in ps7_cortexa9_0/libsrc/axivdma_v6_5/src"
make -C ps7_cortexa9_0/libsrc/axivdma_v6_5/src -s libs  "SHELL=CMD" "COMPILER=arm-none-eabi-gcc" "ARCHIVER=arm-none-eabi-ar" "COMPILER_FLAGS=  -O2 -c" "EXTRA_COMPILER_FLAGS=-mcpu=cortex-a9 -mfpu=vfpv3 -mfloat-abi=hard -nostartfiles -g -Wall -Wextra"
"Compiling axivdma"
arm-none-eabi-ar: creating ../../../lib/libxil.a
"Running Make libs in ps7_cortexa9_0/libsrc/coresightps_dcc_v1_4/src"
make -C ps7_cortexa9_0/libsrc/coresightps_dcc_v1_4/src -s libs  "SHELL=CMD" "COMPILER=arm-none-eabi-gcc" "ARCHIVER=arm-none-eabi-ar" "COMPILER_FLAGS=  -O2 -c" "EXTRA_COMPILER_FLAGS=-mcpu=cortex-a9 -mfpu=vfpv3 -mfloat-abi=hard -nostartfiles -g -Wall -Wextra"
"Compiling coresightps_dcc"
"Running Make libs in ps7_cortexa9_0/libsrc/cpu_cortexa9_v2_6/src"
make -C ps7_cortexa9_0/libsrc/cpu_cortexa9_v2_6/src -s libs  "SHELL=CMD" "COMPILER=arm-none-eabi-gcc" "ARCHIVER=arm-none-eabi-ar" "COMPILER_FLAGS=  -O2 -c" "EXTRA_COMPILER_FLAGS=-mcpu=cortex-a9 -mfpu=vfpv3 -mfloat-abi=hard -nostartfiles -g -Wall -Wextra"
"Compiling cpu_cortexa9"
"Running Make libs in ps7_cortexa9_0/libsrc/ddrps_v1_0/src"
make -C ps7_cortexa9_0/libsrc/ddrps_v1_0/src -s libs  "SHELL=CMD" "COMPILER=arm-none-eabi-gcc" "ARCHIVER=arm-none-eabi-ar" "COMPILER_FLAGS=  -O2 -c" "EXTRA_COMPILER_FLAGS=-mcpu=cortex-a9 -mfpu=vfpv3 -mfloat-abi=hard -nostartfiles -g -Wall -Wextra"
"Compiling ddrps"
"Running Make libs in ps7_cortexa9_0/libsrc/devcfg_v3_5/src"
make -C ps7_cortexa9_0/libsrc/devcfg_v3_5/src -s libs  "SHELL=CMD" "COMPILER=arm-none-eabi-gcc" "ARCHIVER=arm-none-eabi-ar" "COMPILER_FLAGS=  -O2 -c" "EXTRA_COMPILER_FLAGS=-mcpu=cortex-a9 -mfpu=vfpv3 -mfloat-abi=hard -nostartfiles -g -Wall -Wextra"
"Compiling devcfg"
"Running Make libs in ps7_cortexa9_0/libsrc/dmaps_v2_3/src"
make -C ps7_cortexa9_0/libsrc/dmaps_v2_3/src -s libs  "SHELL=CMD" "COMPILER=arm-none-eabi-gcc" "ARCHIVER=arm-none-eabi-ar" "COMPILER_FLAGS=  -O2 -c" "EXTRA_COMPILER_FLAGS=-mcpu=cortex-a9 -mfpu=vfpv3 -mfloat-abi=hard -nostartfiles -g -Wall -Wextra"
"Compiling dmaps"
"Running Make libs in ps7_cortexa9_0/libsrc/qspips_v3_4/src"
make -C ps7_cortexa9_0/libsrc/qspips_v3_4/src -s libs  "SHELL=CMD" "COMPILER=arm-none-eabi-gcc" "ARCHIVER=arm-none-eabi-ar" "COMPILER_FLAGS=  -O2 -c" "EXTRA_COMPILER_FLAGS=-mcpu=cortex-a9 -mfpu=vfpv3 -mfloat-abi=hard -nostartfiles -g -Wall -Wextra"
"Compiling qspips"
"Running Make libs in ps7_cortexa9_0/libsrc/scugic_v3_9/src"
make -C ps7_cortexa9_0/libsrc/scugic_v3_9/src -s libs  "SHELL=CMD" "COMPILER=arm-none-eabi-gcc" "ARCHIVER=arm-none-eabi-ar" "COMPILER_FLAGS=  -O2 -c" "EXTRA_COMPILER_FLAGS=-mcpu=cortex-a9 -mfpu=vfpv3 -mfloat-abi=hard -nostartfiles -g -Wall -Wextra"
"Compiling scugic"
"Running Make libs in ps7_cortexa9_0/libsrc/scutimer_v2_1/src"
make -C ps7_cortexa9_0/libsrc/scutimer_v2_1/src -s libs  "SHELL=CMD" "COMPILER=arm-none-eabi-gcc" "ARCHIVER=arm-none-eabi-ar" "COMPILER_FLAGS=  -O2 -c" "EXTRA_COMPILER_FLAGS=-mcpu=cortex-a9 -mfpu=vfpv3 -mfloat-abi=hard -nostartfiles -g -Wall -Wextra"
"Compiling scutimer"
"Running Make libs in ps7_cortexa9_0/libsrc/scuwdt_v2_1/src"
make -C ps7_cortexa9_0/libsrc/scuwdt_v2_1/src -s libs  "SHELL=CMD" "COMPILER=arm-none-eabi-gcc" "ARCHIVER=arm-none-eabi-ar" "COMPILER_FLAGS=  -O2 -c" "EXTRA_COMPILER_FLAGS=-mcpu=cortex-a9 -mfpu=vfpv3 -mfloat-abi=hard -nostartfiles -g -Wall -Wextra"
"Compiling scuwdt"
"Running Make libs in ps7_cortexa9_0/libsrc/standalone_v6_7/src"
make -C ps7_cortexa9_0/libsrc/standalone_v6_7/src -s libs  "SHELL=CMD" "COMPILER=arm-none-eabi-gcc" "ARCHIVER=arm-none-eabi-ar" "COMPILER_FLAGS=  -O2 -c" "EXTRA_COMPILER_FLAGS=-mcpu=cortex-a9 -mfpu=vfpv3 -mfloat-abi=hard -nostartfiles -g -Wall -Wextra"
"Compiling standalone"
"Running Make libs in ps7_cortexa9_0/libsrc/uartps_v3_6/src"
make -C ps7_cortexa9_0/libsrc/uartps_v3_6/src -s libs  "SHELL=CMD" "COMPILER=arm-none-eabi-gcc" "ARCHIVER=arm-none-eabi-ar" "COMPILER_FLAGS=  -O2 -c" "EXTRA_COMPILER_FLAGS=-mcpu=cortex-a9 -mfpu=vfpv3 -mfloat-abi=hard -nostartfiles -g -Wall -Wextra"
"Compiling uartps"
"Running Make libs in ps7_cortexa9_0/libsrc/vtc_v7_2/src"
make -C ps7_cortexa9_0/libsrc/vtc_v7_2/src -s libs  "SHELL=CMD" "COMPILER=arm-none-eabi-gcc" "ARCHIVER=arm-none-eabi-ar" "COMPILER_FLAGS=  -O2 -c" "EXTRA_COMPILER_FLAGS=-mcpu=cortex-a9 -mfpu=vfpv3 -mfloat-abi=hard -nostartfiles -g -Wall -Wextra"
"Compiling video timing controller"
"Running Make libs in ps7_cortexa9_0/libsrc/xadcps_v2_2/src"
make -C ps7_cortexa9_0/libsrc/xadcps_v2_2/src -s libs  "SHELL=CMD" "COMPILER=arm-none-eabi-gcc" "ARCHIVER=arm-none-eabi-ar" "COMPILER_FLAGS=  -O2 -c" "EXTRA_COMPILER_FLAGS=-mcpu=cortex-a9 -mfpu=vfpv3 -mfloat-abi=hard -nostartfiles -g -Wall -Wextra"
"Compiling xadcps"
'Finished building libraries'
19:55:53 **** Auto Build of configuration Debug for project vdma_lcd_lvds ****
make pre-build main-build 
a9-linaro-pre-build-step
' '
'Building file: ../src/display_ctrl.c'
'Invoking: ARM v7 gcc compiler'
arm-none-eabi-gcc -Wall -O0 -g3 -c -fmessage-length=0 -MT"src/display_ctrl.o" -mcpu=cortex-a9 -mfpu=vfpv3 -mfloat-abi=hard -I../../vdma_lcd_lvds_bsp/ps7_cortexa9_0/include -MMD -MP -MF"src/display_ctrl.d" -MT"src/display_ctrl.o" -o "src/display_ctrl.o" "../src/display_ctrl.c"
'Finished building: ../src/display_ctrl.c'
' '
'Building file: ../src/display_demo.c'
'Invoking: ARM v7 gcc compiler'
arm-none-eabi-gcc -Wall -O0 -g3 -c -fmessage-length=0 -MT"src/display_demo.o" -mcpu=cortex-a9 -mfpu=vfpv3 -mfloat-abi=hard -I../../vdma_lcd_lvds_bsp/ps7_cortexa9_0/include -MMD -MP -MF"src/display_demo.d" -MT"src/display_demo.o" -o "src/display_demo.o" "../src/display_demo.c"
../src/display_demo.c: In function 'main':
../src/display_demo.c:100:2: error: 'Status' undeclared (first use in this function); did you mean 'XStatus'?
  Status = DisplayInitialize(&dispCtrl, &AxiVdma, DISP_VTC_ID, DYNCLK_BASEADDR, pFrames, DEMO_STRIDE, VMODE);
  ^~~~~~
  XStatus
../src/display_demo.c:100:2: note: each undeclared identifier is reported only once for each function it appears in
make: *** [src/display_demo.o] ´íÎó 1
19:56:45 **** Auto Build of configuration Debug for project vdma_lcd_lvds ****
make pre-build main-build 
a9-linaro-pre-build-step
' '
'Building file: ../src/display_demo.c'
'Invoking: ARM v7 gcc compiler'
arm-none-eabi-gcc -Wall -O0 -g3 -c -fmessage-length=0 -MT"src/display_demo.o" -mcpu=cortex-a9 -mfpu=vfpv3 -mfloat-abi=hard -I../../vdma_lcd_lvds_bsp/ps7_cortexa9_0/include -MMD -MP -MF"src/display_demo.d" -MT"src/display_demo.o" -o "src/display_demo.o" "../src/display_demo.c"
'Finished building: ../src/display_demo.c'
' '
'Building file: ../src/platform.c'
'Invoking: ARM v7 gcc compiler'
arm-none-eabi-gcc -Wall -O0 -g3 -c -fmessage-length=0 -MT"src/platform.o" -mcpu=cortex-a9 -mfpu=vfpv3 -mfloat-abi=hard -I../../vdma_lcd_lvds_bsp/ps7_cortexa9_0/include -MMD -MP -MF"src/platform.d" -MT"src/platform.o" -o "src/platform.o" "../src/platform.c"
'Finished building: ../src/platform.c'
' '
'Building file: ../src/vdma_config.c'
'Invoking: ARM v7 gcc compiler'
arm-none-eabi-gcc -Wall -O0 -g3 -c -fmessage-length=0 -MT"src/vdma_config.o" -mcpu=cortex-a9 -mfpu=vfpv3 -mfloat-abi=hard -I../../vdma_lcd_lvds_bsp/ps7_cortexa9_0/include -MMD -MP -MF"src/vdma_config.d" -MT"src/vdma_config.o" -o "src/vdma_config.o" "../src/vdma_config.c"
'Finished building: ../src/vdma_config.c'
' '
'Building file: ../src/vtc_config.c'
'Invoking: ARM v7 gcc compiler'
arm-none-eabi-gcc -Wall -O0 -g3 -c -fmessage-length=0 -MT"src/vtc_config.o" -mcpu=cortex-a9 -mfpu=vfpv3 -mfloat-abi=hard -I../../vdma_lcd_lvds_bsp/ps7_cortexa9_0/include -MMD -MP -MF"src/vtc_config.d" -MT"src/vtc_config.o" -o "src/vtc_config.o" "../src/vtc_config.c"
'Finished building: ../src/vtc_config.c'
' '
'Building target: vdma_lcd_lvds.elf'
'Invoking: ARM v7 gcc linker'
arm-none-eabi-gcc -mcpu=cortex-a9 -mfpu=vfpv3 -mfloat-abi=hard -Wl,-build-id=none -specs=Xilinx.spec -Wl,-T -Wl,../src/lscript.ld -L../../vdma_lcd_lvds_bsp/ps7_cortexa9_0/lib -o "vdma_lcd_lvds.elf"  ./src/display_ctrl.o ./src/display_demo.o ./src/platform.o ./src/vdma_config.o ./src/vtc_config.o   -Wl,--start-group,-lxil,-lgcc,-lc,--end-group
'Finished building target: vdma_lcd_lvds.elf'
' '
'Invoking: ARM v7 Print Size'
arm-none-eabi-size vdma_lcd_lvds.elf  |tee "vdma_lcd_lvds.elf.size"
   text	   data	    bss	    dec	    hex	filename
6274724	   1808	24911184	31187716	1dbe304	vdma_lcd_lvds.elf
'Finished building: vdma_lcd_lvds.elf.size'
' '
19:57:26 **** Clean-only build of configuration Debug for project vdma_lcd_lvds ****
make clean 
rm -rf  ./src/display_ctrl.o ./src/display_demo.o ./src/platform.o ./src/vdma_config.o ./src/vtc_config.o  ./src/display_ctrl.d ./src/display_demo.d ./src/platform.d ./src/vdma_config.d ./src/vtc_config.d  vdma_lcd_lvds.elf.size  vdma_lcd_lvds.elf
' '
19:57:27 **** Auto Build of configuration Debug for project vdma_lcd_lvds ****
make pre-build main-build 
a9-linaro-pre-build-step
' '
'Building file: ../src/display_ctrl.c'
'Invoking: ARM v7 gcc compiler'
arm-none-eabi-gcc -Wall -O0 -g3 -c -fmessage-length=0 -MT"src/display_ctrl.o" -mcpu=cortex-a9 -mfpu=vfpv3 -mfloat-abi=hard -I../../vdma_lcd_lvds_bsp/ps7_cortexa9_0/include -MMD -MP -MF"src/display_ctrl.d" -MT"src/display_ctrl.o" -o "src/display_ctrl.o" "../src/display_ctrl.c"
'Finished building: ../src/display_ctrl.c'
' '
'Building file: ../src/display_demo.c'
'Invoking: ARM v7 gcc compiler'
arm-none-eabi-gcc -Wall -O0 -g3 -c -fmessage-length=0 -MT"src/display_demo.o" -mcpu=cortex-a9 -mfpu=vfpv3 -mfloat-abi=hard -I../../vdma_lcd_lvds_bsp/ps7_cortexa9_0/include -MMD -MP -MF"src/display_demo.d" -MT"src/display_demo.o" -o "src/display_demo.o" "../src/display_demo.c"
'Finished building: ../src/display_demo.c'
' '
'Building file: ../src/platform.c'
'Invoking: ARM v7 gcc compiler'
arm-none-eabi-gcc -Wall -O0 -g3 -c -fmessage-length=0 -MT"src/platform.o" -mcpu=cortex-a9 -mfpu=vfpv3 -mfloat-abi=hard -I../../vdma_lcd_lvds_bsp/ps7_cortexa9_0/include -MMD -MP -MF"src/platform.d" -MT"src/platform.o" -o "src/platform.o" "../src/platform.c"
'Finished building: ../src/platform.c'
' '
'Building file: ../src/vdma_config.c'
'Invoking: ARM v7 gcc compiler'
arm-none-eabi-gcc -Wall -O0 -g3 -c -fmessage-length=0 -MT"src/vdma_config.o" -mcpu=cortex-a9 -mfpu=vfpv3 -mfloat-abi=hard -I../../vdma_lcd_lvds_bsp/ps7_cortexa9_0/include -MMD -MP -MF"src/vdma_config.d" -MT"src/vdma_config.o" -o "src/vdma_config.o" "../src/vdma_config.c"
'Finished building: ../src/vdma_config.c'
' '
'Building file: ../src/vtc_config.c'
'Invoking: ARM v7 gcc compiler'
arm-none-eabi-gcc -Wall -O0 -g3 -c -fmessage-length=0 -MT"src/vtc_config.o" -mcpu=cortex-a9 -mfpu=vfpv3 -mfloat-abi=hard -I../../vdma_lcd_lvds_bsp/ps7_cortexa9_0/include -MMD -MP -MF"src/vtc_config.d" -MT"src/vtc_config.o" -o "src/vtc_config.o" "../src/vtc_config.c"
'Finished building: ../src/vtc_config.c'
' '
'Building target: vdma_lcd_lvds.elf'
'Invoking: ARM v7 gcc linker'
arm-none-eabi-gcc -mcpu=cortex-a9 -mfpu=vfpv3 -mfloat-abi=hard -Wl,-build-id=none -specs=Xilinx.spec -Wl,-T -Wl,../src/lscript.ld -L../../vdma_lcd_lvds_bsp/ps7_cortexa9_0/lib -o "vdma_lcd_lvds.elf"  ./src/display_ctrl.o ./src/display_demo.o ./src/platform.o ./src/vdma_config.o ./src/vtc_config.o   -Wl,--start-group,-lxil,-lgcc,-lc,--end-group
'Finished building target: vdma_lcd_lvds.elf'
' '
'Invoking: ARM v7 Print Size'
arm-none-eabi-size vdma_lcd_lvds.elf  |tee "vdma_lcd_lvds.elf.size"
   text	   data	    bss	    dec	    hex	filename
6274724	   1808	24911184	31187716	1dbe304	vdma_lcd_lvds.elf
'Finished building: vdma_lcd_lvds.elf.size'
' '
19:58:19 **** Incremental Build of configuration Debug for project vdma_lcd_lvds ****
make pre-build main-build 
a9-linaro-pre-build-step
' '
make: Nothing to be done for `main-build'.
20:00:13 **** Auto Build of configuration Debug for project vdma_lcd_lvds ****
make pre-build main-build 
a9-linaro-pre-build-step
' '
'Building file: ../src/display_demo.c'
'Invoking: ARM v7 gcc compiler'
arm-none-eabi-gcc -Wall -O0 -g3 -c -fmessage-length=0 -MT"src/display_demo.o" -mcpu=cortex-a9 -mfpu=vfpv3 -mfloat-abi=hard -I../../vdma_lcd_lvds_bsp/ps7_cortexa9_0/include -MMD -MP -MF"src/display_demo.d" -MT"src/display_demo.o" -o "src/display_demo.o" "../src/display_demo.c"
'Finished building: ../src/display_demo.c'
' '
'Building target: vdma_lcd_lvds.elf'
'Invoking: ARM v7 gcc linker'
arm-none-eabi-gcc -mcpu=cortex-a9 -mfpu=vfpv3 -mfloat-abi=hard -Wl,-build-id=none -specs=Xilinx.spec -Wl,-T -Wl,../src/lscript.ld -L../../vdma_lcd_lvds_bsp/ps7_cortexa9_0/lib -o "vdma_lcd_lvds.elf"  ./src/display_ctrl.o ./src/display_demo.o ./src/platform.o ./src/vdma_config.o ./src/vtc_config.o   -Wl,--start-group,-lxil,-lgcc,-lc,--end-group
'Finished building target: vdma_lcd_lvds.elf'
' '
'Invoking: ARM v7 Print Size'
arm-none-eabi-size vdma_lcd_lvds.elf  |tee "vdma_lcd_lvds.elf.size"
   text	   data	    bss	    dec	    hex	filename
6274724	   1808	24908752	31185284	1dbd984	vdma_lcd_lvds.elf
'Finished building: vdma_lcd_lvds.elf.size'
' '
20:01:49 **** Auto Build of configuration Debug for project vdma_lcd_lvds ****
make pre-build main-build 
a9-linaro-pre-build-step
' '
'Building file: ../src/display_ctrl.c'
'Invoking: ARM v7 gcc compiler'
arm-none-eabi-gcc -Wall -O0 -g3 -c -fmessage-length=0 -MT"src/display_ctrl.o" -mcpu=cortex-a9 -mfpu=vfpv3 -mfloat-abi=hard -I../../vdma_lcd_lvds_bsp/ps7_cortexa9_0/include -MMD -MP -MF"src/display_ctrl.d" -MT"src/display_ctrl.o" -o "src/display_ctrl.o" "../src/display_ctrl.c"
'Finished building: ../src/display_ctrl.c'
' '
'Building target: vdma_lcd_lvds.elf'
'Invoking: ARM v7 gcc linker'
arm-none-eabi-gcc -mcpu=cortex-a9 -mfpu=vfpv3 -mfloat-abi=hard -Wl,-build-id=none -specs=Xilinx.spec -Wl,-T -Wl,../src/lscript.ld -L../../vdma_lcd_lvds_bsp/ps7_cortexa9_0/lib -o "vdma_lcd_lvds.elf"  ./src/display_ctrl.o ./src/display_demo.o ./src/platform.o ./src/vdma_config.o ./src/vtc_config.o   -Wl,--start-group,-lxil,-lgcc,-lc,--end-group
'Finished building target: vdma_lcd_lvds.elf'
' '
'Invoking: ARM v7 Print Size'
arm-none-eabi-size vdma_lcd_lvds.elf  |tee "vdma_lcd_lvds.elf.size"
   text	   data	    bss	    dec	    hex	filename
6274724	   1808	24908752	31185284	1dbd984	vdma_lcd_lvds.elf
'Finished building: vdma_lcd_lvds.elf.size'
' '
20:03:12 **** Auto Build of project vdma_lcd_lvds_bsp ****
make -k all 
"Running Make include in ps7_cortexa9_0/libsrc/axivdma_v6_5/src"
make -C ps7_cortexa9_0/libsrc/axivdma_v6_5/src -s include  "SHELL=CMD" "COMPILER=arm-none-eabi-gcc" "ARCHIVER=arm-none-eabi-ar" "COMPILER_FLAGS=  -O2 -c" "EXTRA_COMPILER_FLAGS=-mcpu=cortex-a9 -mfpu=vfpv3 -mfloat-abi=hard -nostartfiles -g -Wall -Wextra"
"Running Make include in ps7_cortexa9_0/libsrc/coresightps_dcc_v1_4/src"
make -C ps7_cortexa9_0/libsrc/coresightps_dcc_v1_4/src -s include  "SHELL=CMD" "COMPILER=arm-none-eabi-gcc" "ARCHIVER=arm-none-eabi-ar" "COMPILER_FLAGS=  -O2 -c" "EXTRA_COMPILER_FLAGS=-mcpu=cortex-a9 -mfpu=vfpv3 -mfloat-abi=hard -nostartfiles -g -Wall -Wextra"
"Running Make include in ps7_cortexa9_0/libsrc/cpu_cortexa9_v2_6/src"
make -C ps7_cortexa9_0/libsrc/cpu_cortexa9_v2_6/src -s include  "SHELL=CMD" "COMPILER=arm-none-eabi-gcc" "ARCHIVER=arm-none-eabi-ar" "COMPILER_FLAGS=  -O2 -c" "EXTRA_COMPILER_FLAGS=-mcpu=cortex-a9 -mfpu=vfpv3 -mfloat-abi=hard -nostartfiles -g -Wall -Wextra"
"Running Make include in ps7_cortexa9_0/libsrc/ddrps_v1_0/src"
make -C ps7_cortexa9_0/libsrc/ddrps_v1_0/src -s include  "SHELL=CMD" "COMPILER=arm-none-eabi-gcc" "ARCHIVER=arm-none-eabi-ar" "COMPILER_FLAGS=  -O2 -c" "EXTRA_COMPILER_FLAGS=-mcpu=cortex-a9 -mfpu=vfpv3 -mfloat-abi=hard -nostartfiles -g -Wall -Wextra"
"Running Make include in ps7_cortexa9_0/libsrc/devcfg_v3_5/src"
make -C ps7_cortexa9_0/libsrc/devcfg_v3_5/src -s include  "SHELL=CMD" "COMPILER=arm-none-eabi-gcc" "ARCHIVER=arm-none-eabi-ar" "COMPILER_FLAGS=  -O2 -c" "EXTRA_COMPILER_FLAGS=-mcpu=cortex-a9 -mfpu=vfpv3 -mfloat-abi=hard -nostartfiles -g -Wall -Wextra"
"Running Make include in ps7_cortexa9_0/libsrc/dmaps_v2_3/src"
make -C ps7_cortexa9_0/libsrc/dmaps_v2_3/src -s include  "SHELL=CMD" "COMPILER=arm-none-eabi-gcc" "ARCHIVER=arm-none-eabi-ar" "COMPILER_FLAGS=  -O2 -c" "EXTRA_COMPILER_FLAGS=-mcpu=cortex-a9 -mfpu=vfpv3 -mfloat-abi=hard -nostartfiles -g -Wall -Wextra"
"Running Make include in ps7_cortexa9_0/libsrc/qspips_v3_4/src"
make -C ps7_cortexa9_0/libsrc/qspips_v3_4/src -s include  "SHELL=CMD" "COMPILER=arm-none-eabi-gcc" "ARCHIVER=arm-none-eabi-ar" "COMPILER_FLAGS=  -O2 -c" "EXTRA_COMPILER_FLAGS=-mcpu=cortex-a9 -mfpu=vfpv3 -mfloat-abi=hard -nostartfiles -g -Wall -Wextra"
"Running Make include in ps7_cortexa9_0/libsrc/scugic_v3_9/src"
make -C ps7_cortexa9_0/libsrc/scugic_v3_9/src -s include  "SHELL=CMD" "COMPILER=arm-none-eabi-gcc" "ARCHIVER=arm-none-eabi-ar" "COMPILER_FLAGS=  -O2 -c" "EXTRA_COMPILER_FLAGS=-mcpu=cortex-a9 -mfpu=vfpv3 -mfloat-abi=hard -nostartfiles -g -Wall -Wextra"
"Running Make include in ps7_cortexa9_0/libsrc/scutimer_v2_1/src"
make -C ps7_cortexa9_0/libsrc/scutimer_v2_1/src -s include  "SHELL=CMD" "COMPILER=arm-none-eabi-gcc" "ARCHIVER=arm-none-eabi-ar" "COMPILER_FLAGS=  -O2 -c" "EXTRA_COMPILER_FLAGS=-mcpu=cortex-a9 -mfpu=vfpv3 -mfloat-abi=hard -nostartfiles -g -Wall -Wextra"
"Running Make include in ps7_cortexa9_0/libsrc/scuwdt_v2_1/src"
make -C ps7_cortexa9_0/libsrc/scuwdt_v2_1/src -s include  "SHELL=CMD" "COMPILER=arm-none-eabi-gcc" "ARCHIVER=arm-none-eabi-ar" "COMPILER_FLAGS=  -O2 -c" "EXTRA_COMPILER_FLAGS=-mcpu=cortex-a9 -mfpu=vfpv3 -mfloat-abi=hard -nostartfiles -g -Wall -Wextra"
"Running Make include in ps7_cortexa9_0/libsrc/standalone_v6_7/src"
make -C ps7_cortexa9_0/libsrc/standalone_v6_7/src -s include  "SHELL=CMD" "COMPILER=arm-none-eabi-gcc" "ARCHIVER=arm-none-eabi-ar" "COMPILER_FLAGS=  -O2 -c" "EXTRA_COMPILER_FLAGS=-mcpu=cortex-a9 -mfpu=vfpv3 -mfloat-abi=hard -nostartfiles -g -Wall -Wextra"
"Running Make include in ps7_cortexa9_0/libsrc/uartps_v3_6/src"
make -C ps7_cortexa9_0/libsrc/uartps_v3_6/src -s include  "SHELL=CMD" "COMPILER=arm-none-eabi-gcc" "ARCHIVER=arm-none-eabi-ar" "COMPILER_FLAGS=  -O2 -c" "EXTRA_COMPILER_FLAGS=-mcpu=cortex-a9 -mfpu=vfpv3 -mfloat-abi=hard -nostartfiles -g -Wall -Wextra"
"Running Make include in ps7_cortexa9_0/libsrc/vtc_v7_2/src"
make -C ps7_cortexa9_0/libsrc/vtc_v7_2/src -s include  "SHELL=CMD" "COMPILER=arm-none-eabi-gcc" "ARCHIVER=arm-none-eabi-ar" "COMPILER_FLAGS=  -O2 -c" "EXTRA_COMPILER_FLAGS=-mcpu=cortex-a9 -mfpu=vfpv3 -mfloat-abi=hard -nostartfiles -g -Wall -Wextra"
"Running Make include in ps7_cortexa9_0/libsrc/xadcps_v2_2/src"
make -C ps7_cortexa9_0/libsrc/xadcps_v2_2/src -s include  "SHELL=CMD" "COMPILER=arm-none-eabi-gcc" "ARCHIVER=arm-none-eabi-ar" "COMPILER_FLAGS=  -O2 -c" "EXTRA_COMPILER_FLAGS=-mcpu=cortex-a9 -mfpu=vfpv3 -mfloat-abi=hard -nostartfiles -g -Wall -Wextra"
"Running Make libs in ps7_cortexa9_0/libsrc/axivdma_v6_5/src"
make -C ps7_cortexa9_0/libsrc/axivdma_v6_5/src -s libs  "SHELL=CMD" "COMPILER=arm-none-eabi-gcc" "ARCHIVER=arm-none-eabi-ar" "COMPILER_FLAGS=  -O2 -c" "EXTRA_COMPILER_FLAGS=-mcpu=cortex-a9 -mfpu=vfpv3 -mfloat-abi=hard -nostartfiles -g -Wall -Wextra"
"Compiling axivdma"
"Running Make libs in ps7_cortexa9_0/libsrc/coresightps_dcc_v1_4/src"
make -C ps7_cortexa9_0/libsrc/coresightps_dcc_v1_4/src -s libs  "SHELL=CMD" "COMPILER=arm-none-eabi-gcc" "ARCHIVER=arm-none-eabi-ar" "COMPILER_FLAGS=  -O2 -c" "EXTRA_COMPILER_FLAGS=-mcpu=cortex-a9 -mfpu=vfpv3 -mfloat-abi=hard -nostartfiles -g -Wall -Wextra"
"Compiling coresightps_dcc"
"Running Make libs in ps7_cortexa9_0/libsrc/cpu_cortexa9_v2_6/src"
make -C ps7_cortexa9_0/libsrc/cpu_cortexa9_v2_6/src -s libs  "SHELL=CMD" "COMPILER=arm-none-eabi-gcc" "ARCHIVER=arm-none-eabi-ar" "COMPILER_FLAGS=  -O2 -c" "EXTRA_COMPILER_FLAGS=-mcpu=cortex-a9 -mfpu=vfpv3 -mfloat-abi=hard -nostartfiles -g -Wall -Wextra"
"Compiling cpu_cortexa9"
"Running Make libs in ps7_cortexa9_0/libsrc/ddrps_v1_0/src"
make -C ps7_cortexa9_0/libsrc/ddrps_v1_0/src -s libs  "SHELL=CMD" "COMPILER=arm-none-eabi-gcc" "ARCHIVER=arm-none-eabi-ar" "COMPILER_FLAGS=  -O2 -c" "EXTRA_COMPILER_FLAGS=-mcpu=cortex-a9 -mfpu=vfpv3 -mfloat-abi=hard -nostartfiles -g -Wall -Wextra"
"Compiling ddrps"
"Running Make libs in ps7_cortexa9_0/libsrc/devcfg_v3_5/src"
make -C ps7_cortexa9_0/libsrc/devcfg_v3_5/src -s libs  "SHELL=CMD" "COMPILER=arm-none-eabi-gcc" "ARCHIVER=arm-none-eabi-ar" "COMPILER_FLAGS=  -O2 -c" "EXTRA_COMPILER_FLAGS=-mcpu=cortex-a9 -mfpu=vfpv3 -mfloat-abi=hard -nostartfiles -g -Wall -Wextra"
"Compiling devcfg"
"Running Make libs in ps7_cortexa9_0/libsrc/dmaps_v2_3/src"
make -C ps7_cortexa9_0/libsrc/dmaps_v2_3/src -s libs  "SHELL=CMD" "COMPILER=arm-none-eabi-gcc" "ARCHIVER=arm-none-eabi-ar" "COMPILER_FLAGS=  -O2 -c" "EXTRA_COMPILER_FLAGS=-mcpu=cortex-a9 -mfpu=vfpv3 -mfloat-abi=hard -nostartfiles -g -Wall -Wextra"
"Compiling dmaps"
"Running Make libs in ps7_cortexa9_0/libsrc/qspips_v3_4/src"
make -C ps7_cortexa9_0/libsrc/qspips_v3_4/src -s libs  "SHELL=CMD" "COMPILER=arm-none-eabi-gcc" "ARCHIVER=arm-none-eabi-ar" "COMPILER_FLAGS=  -O2 -c" "EXTRA_COMPILER_FLAGS=-mcpu=cortex-a9 -mfpu=vfpv3 -mfloat-abi=hard -nostartfiles -g -Wall -Wextra"
"Compiling qspips"
"Running Make libs in ps7_cortexa9_0/libsrc/scugic_v3_9/src"
make -C ps7_cortexa9_0/libsrc/scugic_v3_9/src -s libs  "SHELL=CMD" "COMPILER=arm-none-eabi-gcc" "ARCHIVER=arm-none-eabi-ar" "COMPILER_FLAGS=  -O2 -c" "EXTRA_COMPILER_FLAGS=-mcpu=cortex-a9 -mfpu=vfpv3 -mfloat-abi=hard -nostartfiles -g -Wall -Wextra"
"Compiling scugic"
"Running Make libs in ps7_cortexa9_0/libsrc/scutimer_v2_1/src"
make -C ps7_cortexa9_0/libsrc/scutimer_v2_1/src -s libs  "SHELL=CMD" "COMPILER=arm-none-eabi-gcc" "ARCHIVER=arm-none-eabi-ar" "COMPILER_FLAGS=  -O2 -c" "EXTRA_COMPILER_FLAGS=-mcpu=cortex-a9 -mfpu=vfpv3 -mfloat-abi=hard -nostartfiles -g -Wall -Wextra"
"Compiling scutimer"
"Running Make libs in ps7_cortexa9_0/libsrc/scuwdt_v2_1/src"
make -C ps7_cortexa9_0/libsrc/scuwdt_v2_1/src -s libs  "SHELL=CMD" "COMPILER=arm-none-eabi-gcc" "ARCHIVER=arm-none-eabi-ar" "COMPILER_FLAGS=  -O2 -c" "EXTRA_COMPILER_FLAGS=-mcpu=cortex-a9 -mfpu=vfpv3 -mfloat-abi=hard -nostartfiles -g -Wall -Wextra"
"Compiling scuwdt"
"Running Make libs in ps7_cortexa9_0/libsrc/standalone_v6_7/src"
make -C ps7_cortexa9_0/libsrc/standalone_v6_7/src -s libs  "SHELL=CMD" "COMPILER=arm-none-eabi-gcc" "ARCHIVER=arm-none-eabi-ar" "COMPILER_FLAGS=  -O2 -c" "EXTRA_COMPILER_FLAGS=-mcpu=cortex-a9 -mfpu=vfpv3 -mfloat-abi=hard -nostartfiles -g -Wall -Wextra"
"Compiling standalone"
"Running Make libs in ps7_cortexa9_0/libsrc/uartps_v3_6/src"
make -C ps7_cortexa9_0/libsrc/uartps_v3_6/src -s libs  "SHELL=CMD" "COMPILER=arm-none-eabi-gcc" "ARCHIVER=arm-none-eabi-ar" "COMPILER_FLAGS=  -O2 -c" "EXTRA_COMPILER_FLAGS=-mcpu=cortex-a9 -mfpu=vfpv3 -mfloat-abi=hard -nostartfiles -g -Wall -Wextra"
"Compiling uartps"
"Running Make libs in ps7_cortexa9_0/libsrc/vtc_v7_2/src"
make -C ps7_cortexa9_0/libsrc/vtc_v7_2/src -s libs  "SHELL=CMD" "COMPILER=arm-none-eabi-gcc" "ARCHIVER=arm-none-eabi-ar" "COMPILER_FLAGS=  -O2 -c" "EXTRA_COMPILER_FLAGS=-mcpu=cortex-a9 -mfpu=vfpv3 -mfloat-abi=hard -nostartfiles -g -Wall -Wextra"
"Compiling video timing controller"
"Running Make libs in ps7_cortexa9_0/libsrc/xadcps_v2_2/src"
make -C ps7_cortexa9_0/libsrc/xadcps_v2_2/src -s libs  "SHELL=CMD" "COMPILER=arm-none-eabi-gcc" "ARCHIVER=arm-none-eabi-ar" "COMPILER_FLAGS=  -O2 -c" "EXTRA_COMPILER_FLAGS=-mcpu=cortex-a9 -mfpu=vfpv3 -mfloat-abi=hard -nostartfiles -g -Wall -Wextra"
"Compiling xadcps"
'Finished building libraries'
20:03:31 **** Auto Build of configuration Debug for project vdma_lcd_lvds ****
make pre-build main-build 
a9-linaro-pre-build-step
' '
'Building file: ../src/display_ctrl.c'
'Invoking: ARM v7 gcc compiler'
arm-none-eabi-gcc -Wall -O0 -g3 -c -fmessage-length=0 -MT"src/display_ctrl.o" -mcpu=cortex-a9 -mfpu=vfpv3 -mfloat-abi=hard -I../../vdma_lcd_lvds_bsp/ps7_cortexa9_0/include -MMD -MP -MF"src/display_ctrl.d" -MT"src/display_ctrl.o" -o "src/display_ctrl.o" "../src/display_ctrl.c"
'Finished building: ../src/display_ctrl.c'
' '
'Building file: ../src/display_demo.c'
'Invoking: ARM v7 gcc compiler'
arm-none-eabi-gcc -Wall -O0 -g3 -c -fmessage-length=0 -MT"src/display_demo.o" -mcpu=cortex-a9 -mfpu=vfpv3 -mfloat-abi=hard -I../../vdma_lcd_lvds_bsp/ps7_cortexa9_0/include -MMD -MP -MF"src/display_demo.d" -MT"src/display_demo.o" -o "src/display_demo.o" "../src/display_demo.c"
'Finished building: ../src/display_demo.c'
' '
'Building file: ../src/platform.c'
'Invoking: ARM v7 gcc compiler'
arm-none-eabi-gcc -Wall -O0 -g3 -c -fmessage-length=0 -MT"src/platform.o" -mcpu=cortex-a9 -mfpu=vfpv3 -mfloat-abi=hard -I../../vdma_lcd_lvds_bsp/ps7_cortexa9_0/include -MMD -MP -MF"src/platform.d" -MT"src/platform.o" -o "src/platform.o" "../src/platform.c"
'Finished building: ../src/platform.c'
' '
'Building file: ../src/vdma_config.c'
'Invoking: ARM v7 gcc compiler'
arm-none-eabi-gcc -Wall -O0 -g3 -c -fmessage-length=0 -MT"src/vdma_config.o" -mcpu=cortex-a9 -mfpu=vfpv3 -mfloat-abi=hard -I../../vdma_lcd_lvds_bsp/ps7_cortexa9_0/include -MMD -MP -MF"src/vdma_config.d" -MT"src/vdma_config.o" -o "src/vdma_config.o" "../src/vdma_config.c"
'Finished building: ../src/vdma_config.c'
' '
'Building file: ../src/vtc_config.c'
'Invoking: ARM v7 gcc compiler'
arm-none-eabi-gcc -Wall -O0 -g3 -c -fmessage-length=0 -MT"src/vtc_config.o" -mcpu=cortex-a9 -mfpu=vfpv3 -mfloat-abi=hard -I../../vdma_lcd_lvds_bsp/ps7_cortexa9_0/include -MMD -MP -MF"src/vtc_config.d" -MT"src/vtc_config.o" -o "src/vtc_config.o" "../src/vtc_config.c"
'Finished building: ../src/vtc_config.c'
' '
'Building target: vdma_lcd_lvds.elf'
'Invoking: ARM v7 gcc linker'
arm-none-eabi-gcc -mcpu=cortex-a9 -mfpu=vfpv3 -mfloat-abi=hard -Wl,-build-id=none -specs=Xilinx.spec -Wl,-T -Wl,../src/lscript.ld -L../../vdma_lcd_lvds_bsp/ps7_cortexa9_0/lib -o "vdma_lcd_lvds.elf"  ./src/display_ctrl.o ./src/display_demo.o ./src/platform.o ./src/vdma_config.o ./src/vtc_config.o   -Wl,--start-group,-lxil,-lgcc,-lc,--end-group
'Finished building target: vdma_lcd_lvds.elf'
' '
'Invoking: ARM v7 Print Size'
arm-none-eabi-size vdma_lcd_lvds.elf  |tee "vdma_lcd_lvds.elf.size"
   text	   data	    bss	    dec	    hex	filename
6274724	   1808	24908752	31185284	1dbd984	vdma_lcd_lvds.elf
'Finished building: vdma_lcd_lvds.elf.size'
' '
20:04:16 **** Incremental Build of configuration Debug for project vdma_lcd_lvds ****
make pre-build main-build 
a9-linaro-pre-build-step
' '
make: Nothing to be done for `main-build'.
20:05:00 **** Auto Build of project vdma_lcd_lvds_bsp ****
make -k all 
"Running Make include in ps7_cortexa9_0/libsrc/axivdma_v6_5/src"
make -C ps7_cortexa9_0/libsrc/axivdma_v6_5/src -s include  "SHELL=CMD" "COMPILER=arm-none-eabi-gcc" "ARCHIVER=arm-none-eabi-ar" "COMPILER_FLAGS=  -O2 -c" "EXTRA_COMPILER_FLAGS=-mcpu=cortex-a9 -mfpu=vfpv3 -mfloat-abi=hard -nostartfiles -g -Wall -Wextra"
"Running Make include in ps7_cortexa9_0/libsrc/coresightps_dcc_v1_4/src"
make -C ps7_cortexa9_0/libsrc/coresightps_dcc_v1_4/src -s include  "SHELL=CMD" "COMPILER=arm-none-eabi-gcc" "ARCHIVER=arm-none-eabi-ar" "COMPILER_FLAGS=  -O2 -c" "EXTRA_COMPILER_FLAGS=-mcpu=cortex-a9 -mfpu=vfpv3 -mfloat-abi=hard -nostartfiles -g -Wall -Wextra"
"Running Make include in ps7_cortexa9_0/libsrc/cpu_cortexa9_v2_6/src"
make -C ps7_cortexa9_0/libsrc/cpu_cortexa9_v2_6/src -s include  "SHELL=CMD" "COMPILER=arm-none-eabi-gcc" "ARCHIVER=arm-none-eabi-ar" "COMPILER_FLAGS=  -O2 -c" "EXTRA_COMPILER_FLAGS=-mcpu=cortex-a9 -mfpu=vfpv3 -mfloat-abi=hard -nostartfiles -g -Wall -Wextra"
"Running Make include in ps7_cortexa9_0/libsrc/ddrps_v1_0/src"
make -C ps7_cortexa9_0/libsrc/ddrps_v1_0/src -s include  "SHELL=CMD" "COMPILER=arm-none-eabi-gcc" "ARCHIVER=arm-none-eabi-ar" "COMPILER_FLAGS=  -O2 -c" "EXTRA_COMPILER_FLAGS=-mcpu=cortex-a9 -mfpu=vfpv3 -mfloat-abi=hard -nostartfiles -g -Wall -Wextra"
"Running Make include in ps7_cortexa9_0/libsrc/devcfg_v3_5/src"
make -C ps7_cortexa9_0/libsrc/devcfg_v3_5/src -s include  "SHELL=CMD" "COMPILER=arm-none-eabi-gcc" "ARCHIVER=arm-none-eabi-ar" "COMPILER_FLAGS=  -O2 -c" "EXTRA_COMPILER_FLAGS=-mcpu=cortex-a9 -mfpu=vfpv3 -mfloat-abi=hard -nostartfiles -g -Wall -Wextra"
"Running Make include in ps7_cortexa9_0/libsrc/dmaps_v2_3/src"
make -C ps7_cortexa9_0/libsrc/dmaps_v2_3/src -s include  "SHELL=CMD" "COMPILER=arm-none-eabi-gcc" "ARCHIVER=arm-none-eabi-ar" "COMPILER_FLAGS=  -O2 -c" "EXTRA_COMPILER_FLAGS=-mcpu=cortex-a9 -mfpu=vfpv3 -mfloat-abi=hard -nostartfiles -g -Wall -Wextra"
"Running Make include in ps7_cortexa9_0/libsrc/qspips_v3_4/src"
make -C ps7_cortexa9_0/libsrc/qspips_v3_4/src -s include  "SHELL=CMD" "COMPILER=arm-none-eabi-gcc" "ARCHIVER=arm-none-eabi-ar" "COMPILER_FLAGS=  -O2 -c" "EXTRA_COMPILER_FLAGS=-mcpu=cortex-a9 -mfpu=vfpv3 -mfloat-abi=hard -nostartfiles -g -Wall -Wextra"
"Running Make include in ps7_cortexa9_0/libsrc/scugic_v3_9/src"
make -C ps7_cortexa9_0/libsrc/scugic_v3_9/src -s include  "SHELL=CMD" "COMPILER=arm-none-eabi-gcc" "ARCHIVER=arm-none-eabi-ar" "COMPILER_FLAGS=  -O2 -c" "EXTRA_COMPILER_FLAGS=-mcpu=cortex-a9 -mfpu=vfpv3 -mfloat-abi=hard -nostartfiles -g -Wall -Wextra"
"Running Make include in ps7_cortexa9_0/libsrc/scutimer_v2_1/src"
make -C ps7_cortexa9_0/libsrc/scutimer_v2_1/src -s include  "SHELL=CMD" "COMPILER=arm-none-eabi-gcc" "ARCHIVER=arm-none-eabi-ar" "COMPILER_FLAGS=  -O2 -c" "EXTRA_COMPILER_FLAGS=-mcpu=cortex-a9 -mfpu=vfpv3 -mfloat-abi=hard -nostartfiles -g -Wall -Wextra"
"Running Make include in ps7_cortexa9_0/libsrc/scuwdt_v2_1/src"
make -C ps7_cortexa9_0/libsrc/scuwdt_v2_1/src -s include  "SHELL=CMD" "COMPILER=arm-none-eabi-gcc" "ARCHIVER=arm-none-eabi-ar" "COMPILER_FLAGS=  -O2 -c" "EXTRA_COMPILER_FLAGS=-mcpu=cortex-a9 -mfpu=vfpv3 -mfloat-abi=hard -nostartfiles -g -Wall -Wextra"
"Running Make include in ps7_cortexa9_0/libsrc/standalone_v6_7/src"
make -C ps7_cortexa9_0/libsrc/standalone_v6_7/src -s include  "SHELL=CMD" "COMPILER=arm-none-eabi-gcc" "ARCHIVER=arm-none-eabi-ar" "COMPILER_FLAGS=  -O2 -c" "EXTRA_COMPILER_FLAGS=-mcpu=cortex-a9 -mfpu=vfpv3 -mfloat-abi=hard -nostartfiles -g -Wall -Wextra"
"Running Make include in ps7_cortexa9_0/libsrc/uartps_v3_6/src"
make -C ps7_cortexa9_0/libsrc/uartps_v3_6/src -s include  "SHELL=CMD" "COMPILER=arm-none-eabi-gcc" "ARCHIVER=arm-none-eabi-ar" "COMPILER_FLAGS=  -O2 -c" "EXTRA_COMPILER_FLAGS=-mcpu=cortex-a9 -mfpu=vfpv3 -mfloat-abi=hard -nostartfiles -g -Wall -Wextra"
"Running Make include in ps7_cortexa9_0/libsrc/vtc_v7_2/src"
make -C ps7_cortexa9_0/libsrc/vtc_v7_2/src -s include  "SHELL=CMD" "COMPILER=arm-none-eabi-gcc" "ARCHIVER=arm-none-eabi-ar" "COMPILER_FLAGS=  -O2 -c" "EXTRA_COMPILER_FLAGS=-mcpu=cortex-a9 -mfpu=vfpv3 -mfloat-abi=hard -nostartfiles -g -Wall -Wextra"
"Running Make include in ps7_cortexa9_0/libsrc/xadcps_v2_2/src"
make -C ps7_cortexa9_0/libsrc/xadcps_v2_2/src -s include  "SHELL=CMD" "COMPILER=arm-none-eabi-gcc" "ARCHIVER=arm-none-eabi-ar" "COMPILER_FLAGS=  -O2 -c" "EXTRA_COMPILER_FLAGS=-mcpu=cortex-a9 -mfpu=vfpv3 -mfloat-abi=hard -nostartfiles -g -Wall -Wextra"
"Running Make libs in ps7_cortexa9_0/libsrc/axivdma_v6_5/src"
make -C ps7_cortexa9_0/libsrc/axivdma_v6_5/src -s libs  "SHELL=CMD" "COMPILER=arm-none-eabi-gcc" "ARCHIVER=arm-none-eabi-ar" "COMPILER_FLAGS=  -O2 -c" "EXTRA_COMPILER_FLAGS=-mcpu=cortex-a9 -mfpu=vfpv3 -mfloat-abi=hard -nostartfiles -g -Wall -Wextra"
"Compiling axivdma"
"Running Make libs in ps7_cortexa9_0/libsrc/coresightps_dcc_v1_4/src"
make -C ps7_cortexa9_0/libsrc/coresightps_dcc_v1_4/src -s libs  "SHELL=CMD" "COMPILER=arm-none-eabi-gcc" "ARCHIVER=arm-none-eabi-ar" "COMPILER_FLAGS=  -O2 -c" "EXTRA_COMPILER_FLAGS=-mcpu=cortex-a9 -mfpu=vfpv3 -mfloat-abi=hard -nostartfiles -g -Wall -Wextra"
"Compiling coresightps_dcc"
"Running Make libs in ps7_cortexa9_0/libsrc/cpu_cortexa9_v2_6/src"
make -C ps7_cortexa9_0/libsrc/cpu_cortexa9_v2_6/src -s libs  "SHELL=CMD" "COMPILER=arm-none-eabi-gcc" "ARCHIVER=arm-none-eabi-ar" "COMPILER_FLAGS=  -O2 -c" "EXTRA_COMPILER_FLAGS=-mcpu=cortex-a9 -mfpu=vfpv3 -mfloat-abi=hard -nostartfiles -g -Wall -Wextra"
"Compiling cpu_cortexa9"
"Running Make libs in ps7_cortexa9_0/libsrc/ddrps_v1_0/src"
make -C ps7_cortexa9_0/libsrc/ddrps_v1_0/src -s libs  "SHELL=CMD" "COMPILER=arm-none-eabi-gcc" "ARCHIVER=arm-none-eabi-ar" "COMPILER_FLAGS=  -O2 -c" "EXTRA_COMPILER_FLAGS=-mcpu=cortex-a9 -mfpu=vfpv3 -mfloat-abi=hard -nostartfiles -g -Wall -Wextra"
"Compiling ddrps"
"Running Make libs in ps7_cortexa9_0/libsrc/devcfg_v3_5/src"
make -C ps7_cortexa9_0/libsrc/devcfg_v3_5/src -s libs  "SHELL=CMD" "COMPILER=arm-none-eabi-gcc" "ARCHIVER=arm-none-eabi-ar" "COMPILER_FLAGS=  -O2 -c" "EXTRA_COMPILER_FLAGS=-mcpu=cortex-a9 -mfpu=vfpv3 -mfloat-abi=hard -nostartfiles -g -Wall -Wextra"
"Compiling devcfg"
"Running Make libs in ps7_cortexa9_0/libsrc/dmaps_v2_3/src"
make -C ps7_cortexa9_0/libsrc/dmaps_v2_3/src -s libs  "SHELL=CMD" "COMPILER=arm-none-eabi-gcc" "ARCHIVER=arm-none-eabi-ar" "COMPILER_FLAGS=  -O2 -c" "EXTRA_COMPILER_FLAGS=-mcpu=cortex-a9 -mfpu=vfpv3 -mfloat-abi=hard -nostartfiles -g -Wall -Wextra"
"Compiling dmaps"
"Running Make libs in ps7_cortexa9_0/libsrc/qspips_v3_4/src"
make -C ps7_cortexa9_0/libsrc/qspips_v3_4/src -s libs  "SHELL=CMD" "COMPILER=arm-none-eabi-gcc" "ARCHIVER=arm-none-eabi-ar" "COMPILER_FLAGS=  -O2 -c" "EXTRA_COMPILER_FLAGS=-mcpu=cortex-a9 -mfpu=vfpv3 -mfloat-abi=hard -nostartfiles -g -Wall -Wextra"
"Compiling qspips"
"Running Make libs in ps7_cortexa9_0/libsrc/scugic_v3_9/src"
make -C ps7_cortexa9_0/libsrc/scugic_v3_9/src -s libs  "SHELL=CMD" "COMPILER=arm-none-eabi-gcc" "ARCHIVER=arm-none-eabi-ar" "COMPILER_FLAGS=  -O2 -c" "EXTRA_COMPILER_FLAGS=-mcpu=cortex-a9 -mfpu=vfpv3 -mfloat-abi=hard -nostartfiles -g -Wall -Wextra"
"Compiling scugic"
"Running Make libs in ps7_cortexa9_0/libsrc/scutimer_v2_1/src"
make -C ps7_cortexa9_0/libsrc/scutimer_v2_1/src -s libs  "SHELL=CMD" "COMPILER=arm-none-eabi-gcc" "ARCHIVER=arm-none-eabi-ar" "COMPILER_FLAGS=  -O2 -c" "EXTRA_COMPILER_FLAGS=-mcpu=cortex-a9 -mfpu=vfpv3 -mfloat-abi=hard -nostartfiles -g -Wall -Wextra"
"Compiling scutimer"
"Running Make libs in ps7_cortexa9_0/libsrc/scuwdt_v2_1/src"
make -C ps7_cortexa9_0/libsrc/scuwdt_v2_1/src -s libs  "SHELL=CMD" "COMPILER=arm-none-eabi-gcc" "ARCHIVER=arm-none-eabi-ar" "COMPILER_FLAGS=  -O2 -c" "EXTRA_COMPILER_FLAGS=-mcpu=cortex-a9 -mfpu=vfpv3 -mfloat-abi=hard -nostartfiles -g -Wall -Wextra"
"Compiling scuwdt"
"Running Make libs in ps7_cortexa9_0/libsrc/standalone_v6_7/src"
make -C ps7_cortexa9_0/libsrc/standalone_v6_7/src -s libs  "SHELL=CMD" "COMPILER=arm-none-eabi-gcc" "ARCHIVER=arm-none-eabi-ar" "COMPILER_FLAGS=  -O2 -c" "EXTRA_COMPILER_FLAGS=-mcpu=cortex-a9 -mfpu=vfpv3 -mfloat-abi=hard -nostartfiles -g -Wall -Wextra"
"Compiling standalone"
"Running Make libs in ps7_cortexa9_0/libsrc/uartps_v3_6/src"
make -C ps7_cortexa9_0/libsrc/uartps_v3_6/src -s libs  "SHELL=CMD" "COMPILER=arm-none-eabi-gcc" "ARCHIVER=arm-none-eabi-ar" "COMPILER_FLAGS=  -O2 -c" "EXTRA_COMPILER_FLAGS=-mcpu=cortex-a9 -mfpu=vfpv3 -mfloat-abi=hard -nostartfiles -g -Wall -Wextra"
"Compiling uartps"
"Running Make libs in ps7_cortexa9_0/libsrc/vtc_v7_2/src"
make -C ps7_cortexa9_0/libsrc/vtc_v7_2/src -s libs  "SHELL=CMD" "COMPILER=arm-none-eabi-gcc" "ARCHIVER=arm-none-eabi-ar" "COMPILER_FLAGS=  -O2 -c" "EXTRA_COMPILER_FLAGS=-mcpu=cortex-a9 -mfpu=vfpv3 -mfloat-abi=hard -nostartfiles -g -Wall -Wextra"
"Compiling video timing controller"
"Running Make libs in ps7_cortexa9_0/libsrc/xadcps_v2_2/src"
make -C ps7_cortexa9_0/libsrc/xadcps_v2_2/src -s libs  "SHELL=CMD" "COMPILER=arm-none-eabi-gcc" "ARCHIVER=arm-none-eabi-ar" "COMPILER_FLAGS=  -O2 -c" "EXTRA_COMPILER_FLAGS=-mcpu=cortex-a9 -mfpu=vfpv3 -mfloat-abi=hard -nostartfiles -g -Wall -Wextra"
"Compiling xadcps"
'Finished building libraries'
20:05:19 **** Auto Build of configuration Debug for project vdma_lcd_lvds ****
make pre-build main-build 
a9-linaro-pre-build-step
' '
'Building file: ../src/display_ctrl.c'
'Invoking: ARM v7 gcc compiler'
arm-none-eabi-gcc -Wall -O0 -g3 -c -fmessage-length=0 -MT"src/display_ctrl.o" -mcpu=cortex-a9 -mfpu=vfpv3 -mfloat-abi=hard -I../../vdma_lcd_lvds_bsp/ps7_cortexa9_0/include -MMD -MP -MF"src/display_ctrl.d" -MT"src/display_ctrl.o" -o "src/display_ctrl.o" "../src/display_ctrl.c"
'Finished building: ../src/display_ctrl.c'
' '
'Building file: ../src/display_demo.c'
'Invoking: ARM v7 gcc compiler'
arm-none-eabi-gcc -Wall -O0 -g3 -c -fmessage-length=0 -MT"src/display_demo.o" -mcpu=cortex-a9 -mfpu=vfpv3 -mfloat-abi=hard -I../../vdma_lcd_lvds_bsp/ps7_cortexa9_0/include -MMD -MP -MF"src/display_demo.d" -MT"src/display_demo.o" -o "src/display_demo.o" "../src/display_demo.c"
'Finished building: ../src/display_demo.c'
' '
'Building file: ../src/platform.c'
'Invoking: ARM v7 gcc compiler'
arm-none-eabi-gcc -Wall -O0 -g3 -c -fmessage-length=0 -MT"src/platform.o" -mcpu=cortex-a9 -mfpu=vfpv3 -mfloat-abi=hard -I../../vdma_lcd_lvds_bsp/ps7_cortexa9_0/include -MMD -MP -MF"src/platform.d" -MT"src/platform.o" -o "src/platform.o" "../src/platform.c"
'Finished building: ../src/platform.c'
' '
'Building file: ../src/vdma_config.c'
'Invoking: ARM v7 gcc compiler'
arm-none-eabi-gcc -Wall -O0 -g3 -c -fmessage-length=0 -MT"src/vdma_config.o" -mcpu=cortex-a9 -mfpu=vfpv3 -mfloat-abi=hard -I../../vdma_lcd_lvds_bsp/ps7_cortexa9_0/include -MMD -MP -MF"src/vdma_config.d" -MT"src/vdma_config.o" -o "src/vdma_config.o" "../src/vdma_config.c"
'Finished building: ../src/vdma_config.c'
' '
'Building file: ../src/vtc_config.c'
'Invoking: ARM v7 gcc compiler'
arm-none-eabi-gcc -Wall -O0 -g3 -c -fmessage-length=0 -MT"src/vtc_config.o" -mcpu=cortex-a9 -mfpu=vfpv3 -mfloat-abi=hard -I../../vdma_lcd_lvds_bsp/ps7_cortexa9_0/include -MMD -MP -MF"src/vtc_config.d" -MT"src/vtc_config.o" -o "src/vtc_config.o" "../src/vtc_config.c"
'Finished building: ../src/vtc_config.c'
' '
'Building target: vdma_lcd_lvds.elf'
'Invoking: ARM v7 gcc linker'
arm-none-eabi-gcc -mcpu=cortex-a9 -mfpu=vfpv3 -mfloat-abi=hard -Wl,-build-id=none -specs=Xilinx.spec -Wl,-T -Wl,../src/lscript.ld -L../../vdma_lcd_lvds_bsp/ps7_cortexa9_0/lib -o "vdma_lcd_lvds.elf"  ./src/display_ctrl.o ./src/display_demo.o ./src/platform.o ./src/vdma_config.o ./src/vtc_config.o   -Wl,--start-group,-lxil,-lgcc,-lc,--end-group
'Finished building target: vdma_lcd_lvds.elf'
' '
'Invoking: ARM v7 Print Size'
arm-none-eabi-size vdma_lcd_lvds.elf  |tee "vdma_lcd_lvds.elf.size"
   text	   data	    bss	    dec	    hex	filename
6274724	   1808	24908752	31185284	1dbd984	vdma_lcd_lvds.elf
'Finished building: vdma_lcd_lvds.elf.size'
' '
20:07:01 **** Auto Build of configuration Debug for project vdma_lcd_lvds ****
make pre-build main-build 
a9-linaro-pre-build-step
' '
'Building file: ../src/display_ctrl.c'
'Invoking: ARM v7 gcc compiler'
arm-none-eabi-gcc -Wall -O0 -g3 -c -fmessage-length=0 -MT"src/display_ctrl.o" -mcpu=cortex-a9 -mfpu=vfpv3 -mfloat-abi=hard -I../../vdma_lcd_lvds_bsp/ps7_cortexa9_0/include -MMD -MP -MF"src/display_ctrl.d" -MT"src/display_ctrl.o" -o "src/display_ctrl.o" "../src/display_ctrl.c"
'Finished building: ../src/display_ctrl.c'
' '
'Building target: vdma_lcd_lvds.elf'
'Invoking: ARM v7 gcc linker'
arm-none-eabi-gcc -mcpu=cortex-a9 -mfpu=vfpv3 -mfloat-abi=hard -Wl,-build-id=none -specs=Xilinx.spec -Wl,-T -Wl,../src/lscript.ld -L../../vdma_lcd_lvds_bsp/ps7_cortexa9_0/lib -o "vdma_lcd_lvds.elf"  ./src/display_ctrl.o ./src/display_demo.o ./src/platform.o ./src/vdma_config.o ./src/vtc_config.o   -Wl,--start-group,-lxil,-lgcc,-lc,--end-group
'Finished building target: vdma_lcd_lvds.elf'
' '
'Invoking: ARM v7 Print Size'
arm-none-eabi-size vdma_lcd_lvds.elf  |tee "vdma_lcd_lvds.elf.size"
   text	   data	    bss	    dec	    hex	filename
6274724	   1808	24908752	31185284	1dbd984	vdma_lcd_lvds.elf
'Finished building: vdma_lcd_lvds.elf.size'
' '
20:07:34 **** Auto Build of configuration Debug for project vdma_lcd_lvds ****
make pre-build main-build 
a9-linaro-pre-build-step
' '
'Building file: ../src/display_ctrl.c'
'Invoking: ARM v7 gcc compiler'
arm-none-eabi-gcc -Wall -O0 -g3 -c -fmessage-length=0 -MT"src/display_ctrl.o" -mcpu=cortex-a9 -mfpu=vfpv3 -mfloat-abi=hard -I../../vdma_lcd_lvds_bsp/ps7_cortexa9_0/include -MMD -MP -MF"src/display_ctrl.d" -MT"src/display_ctrl.o" -o "src/display_ctrl.o" "../src/display_ctrl.c"
../src/display_ctrl.c: In function 'DisplayStart':
../src/display_ctrl.c:233:0: warning: "xdbg_printf" redefined
 #define xdbg_printf(type, ...) (((type) & xdbg_current_types) ? printf (__VA_ARGS__) : 0)
 
In file included from ../../vdma_lcd_lvds_bsp/ps7_cortexa9_0/include/xaxivdma_i.h:76:0,
                 from ../../vdma_lcd_lvds_bsp/ps7_cortexa9_0/include/xaxivdma.h:318,
                 from ../src/display_ctrl.h:56,
                 from ../src/display_ctrl.c:63:
../../vdma_lcd_lvds_bsp/ps7_cortexa9_0/include/xdebug.h:28:0: note: this is the location of the previous definition
 #define xdbg_printf(...)
 
../src/display_ctrl.c:233:43: error: 'xdbg_current_types' undeclared (first use in this function)
 #define xdbg_printf(type, ...) (((type) & xdbg_current_types) ? printf (__VA_ARGS__) : 0)
                                           ^
../src/display_ctrl.c:235:2: note: in expansion of macro 'xdbg_printf'
  xdbg_printf( "preform vdma  transfer \r\n");
  ^~~~~~~~~~~
../src/display_ctrl.c:233:43: note: each undeclared identifier is reported only once for each function it appears in
 #define xdbg_printf(type, ...) (((type) & xdbg_current_types) ? printf (__VA_ARGS__) : 0)
                                           ^
../src/display_ctrl.c:235:2: note: in expansion of macro 'xdbg_printf'
  xdbg_printf( "preform vdma  transfer \r\n");
  ^~~~~~~~~~~
../src/display_ctrl.c:233:65: warning: implicit declaration of function 'printf' [-Wimplicit-function-declaration]
 #define xdbg_printf(type, ...) (((type) & xdbg_current_types) ? printf (__VA_ARGS__) : 0)
                                                                 ^
../src/display_ctrl.c:235:2: note: in expansion of macro 'xdbg_printf'
  xdbg_printf( "preform vdma  transfer \r\n");
  ^~~~~~~~~~~
../src/display_ctrl.c:233:65: warning: incompatible implicit declaration of built-in function 'printf'
 #define xdbg_printf(type, ...) (((type) & xdbg_current_types) ? printf (__VA_ARGS__) : 0)
                                                                 ^
../src/display_ctrl.c:235:2: note: in expansion of macro 'xdbg_printf'
  xdbg_printf( "preform vdma  transfer \r\n");
  ^~~~~~~~~~~
../src/display_ctrl.c:233:65: note: include '<stdio.h>' or provide a declaration of 'printf'
 #define xdbg_printf(type, ...) (((type) & xdbg_current_types) ? printf (__VA_ARGS__) : 0)
                                                                 ^
../src/display_ctrl.c:235:2: note: in expansion of macro 'xdbg_printf'
  xdbg_printf( "preform vdma  transfer \r\n");
  ^~~~~~~~~~~
../src/display_ctrl.c:233:65: error: too few arguments to function 'printf'
 #define xdbg_printf(type, ...) (((type) & xdbg_current_types) ? printf (__VA_ARGS__) : 0)
                                                                 ^
../src/display_ctrl.c:235:2: note: in expansion of macro 'xdbg_printf'
  xdbg_printf( "preform vdma  transfer \r\n");
  ^~~~~~~~~~~
../src/display_ctrl.c:240:15: error: 'XDBG_DEBUG_GENERAL' undeclared (first use in this function)
   xdbg_printf(XDBG_DEBUG_GENERAL, "Read channel config failed %d\r\n", Status);
               ^
../src/display_ctrl.c:233:35: note: in definition of macro 'xdbg_printf'
 #define xdbg_printf(type, ...) (((type) & xdbg_current_types) ? printf (__VA_ARGS__) : 0)
                                   ^~~~
../src/display_ctrl.c: In function 'DisplaySetMode':
../src/display_ctrl.c:369:16: error: 'XDBG_DEBUG_GENERAL' undeclared (first use in this function)
    xdbg_printf(XDBG_DEBUG_GENERAL, "Cannot change mode, unable to stop display %d\r\n", Status);
                ^
../src/display_ctrl.c:233:35: note: in definition of macro 'xdbg_printf'
 #define xdbg_printf(type, ...) (((type) & xdbg_current_types) ? printf (__VA_ARGS__) : 0)
                                   ^~~~
../src/display_ctrl.c:233:43: error: 'xdbg_current_types' undeclared (first use in this function)
 #define xdbg_printf(type, ...) (((type) & xdbg_current_types) ? printf (__VA_ARGS__) : 0)
                                           ^
../src/display_ctrl.c:369:4: note: in expansion of macro 'xdbg_printf'
[...]
  u32 pixelIdx = 0;
      ^~~~~~~~
'Finished building: ../src/display_demo.c'
' '
'Building target: vdma_lcd_lvds.elf'
'Invoking: ARM v7 gcc linker'
arm-none-eabi-gcc -mcpu=cortex-a9 -mfpu=vfpv3 -mfloat-abi=hard -Wl,-build-id=none -specs=Xilinx.spec -Wl,-T -Wl,../src/lscript.ld -L../../vdma_lcd_lvds_bsp/ps7_cortexa9_0/lib -o "vdma_lcd_lvds.elf"  ./src/display_ctrl.o ./src/display_demo.o ./src/platform.o ./src/vdma_config.o ./src/vtc_config.o   -Wl,--start-group,-lxil,-lgcc,-lc,--end-group
'Finished building target: vdma_lcd_lvds.elf'
' '
'Invoking: ARM v7 Print Size'
arm-none-eabi-size vdma_lcd_lvds.elf  |tee "vdma_lcd_lvds.elf.size"
   text	   data	    bss	    dec	    hex	filename
6275116	   1824	24908752	31185692	1dbdb1c	vdma_lcd_lvds.elf
'Finished building: vdma_lcd_lvds.elf.size'
' '
21:39:22 **** Incremental Build of configuration Debug for project vdma_lcd_lvds ****
make pre-build main-build 
a9-linaro-pre-build-step
' '
make: Nothing to be done for `main-build'.
21:40:21 **** Auto Build of configuration Debug for project vdma_lcd_lvds ****
make pre-build main-build 
a9-linaro-pre-build-step
' '
'Building file: ../src/display_demo.c'
'Invoking: ARM v7 gcc compiler'
arm-none-eabi-gcc -Wall -O0 -g3 -c -fmessage-length=0 -MT"src/display_demo.o" -mcpu=cortex-a9 -mfpu=vfpv3 -mfloat-abi=hard -I../../vdma_lcd_lvds_bsp/ps7_cortexa9_0/include -MMD -MP -MF"src/display_demo.d" -MT"src/display_demo.o" -o "src/display_demo.o" "../src/display_demo.c"
../src/display_demo.c: In function 'DemoPrintTest':
../src/display_demo.c:137:6: warning: unused variable 'pixelIdx' [-Wunused-variable]
  u32 pixelIdx = 0;
      ^~~~~~~~
'Finished building: ../src/display_demo.c'
' '
'Building target: vdma_lcd_lvds.elf'
'Invoking: ARM v7 gcc linker'
arm-none-eabi-gcc -mcpu=cortex-a9 -mfpu=vfpv3 -mfloat-abi=hard -Wl,-build-id=none -specs=Xilinx.spec -Wl,-T -Wl,../src/lscript.ld -L../../vdma_lcd_lvds_bsp/ps7_cortexa9_0/lib -o "vdma_lcd_lvds.elf"  ./src/display_ctrl.o ./src/display_demo.o ./src/platform.o ./src/vdma_config.o ./src/vtc_config.o   -Wl,--start-group,-lxil,-lgcc,-lc,--end-group
'Finished building target: vdma_lcd_lvds.elf'
' '
'Invoking: ARM v7 Print Size'
arm-none-eabi-size vdma_lcd_lvds.elf  |tee "vdma_lcd_lvds.elf.size"
   text	   data	    bss	    dec	    hex	filename
6275116	   1824	24908752	31185692	1dbdb1c	vdma_lcd_lvds.elf
'Finished building: vdma_lcd_lvds.elf.size'
' '
21:40:57 **** Auto Build of configuration Debug for project vdma_lcd_lvds ****
make pre-build main-build 
a9-linaro-pre-build-step
' '
'Building file: ../src/display_demo.c'
'Invoking: ARM v7 gcc compiler'
arm-none-eabi-gcc -Wall -O0 -g3 -c -fmessage-length=0 -MT"src/display_demo.o" -mcpu=cortex-a9 -mfpu=vfpv3 -mfloat-abi=hard -I../../vdma_lcd_lvds_bsp/ps7_cortexa9_0/include -MMD -MP -MF"src/display_demo.d" -MT"src/display_demo.o" -o "src/display_demo.o" "../src/display_demo.c"
../src/display_demo.c: In function 'DemoPrintTest':
../src/display_demo.c:137:6: warning: unused variable 'pixelIdx' [-Wunused-variable]
  u32 pixelIdx = 0;
      ^~~~~~~~
'Finished building: ../src/display_demo.c'
' '
'Building target: vdma_lcd_lvds.elf'
'Invoking: ARM v7 gcc linker'
arm-none-eabi-gcc -mcpu=cortex-a9 -mfpu=vfpv3 -mfloat-abi=hard -Wl,-build-id=none -specs=Xilinx.spec -Wl,-T -Wl,../src/lscript.ld -L../../vdma_lcd_lvds_bsp/ps7_cortexa9_0/lib -o "vdma_lcd_lvds.elf"  ./src/display_ctrl.o ./src/display_demo.o ./src/platform.o ./src/vdma_config.o ./src/vtc_config.o   -Wl,--start-group,-lxil,-lgcc,-lc,--end-group
'Finished building target: vdma_lcd_lvds.elf'
' '
'Invoking: ARM v7 Print Size'
arm-none-eabi-size vdma_lcd_lvds.elf  |tee "vdma_lcd_lvds.elf.size"
   text	   data	    bss	    dec	    hex	filename
6275116	   1824	24908752	31185692	1dbdb1c	vdma_lcd_lvds.elf
'Finished building: vdma_lcd_lvds.elf.size'
' '
21:41:44 **** Incremental Build of configuration Debug for project vdma_lcd_lvds ****
make pre-build main-build 
a9-linaro-pre-build-step
' '
make: Nothing to be done for `main-build'.
09:55:47 **** Auto Build of configuration Debug for project vdma_lcd_lvds ****
make pre-build main-build 
a9-linaro-pre-build-step
' '
'Building file: ../src/display_ctrl.c'
'Invoking: ARM v7 gcc compiler'
arm-none-eabi-gcc -Wall -O0 -g3 -c -fmessage-length=0 -MT"src/display_ctrl.o" -mcpu=cortex-a9 -mfpu=vfpv3 -mfloat-abi=hard -I../../vdma_lcd_lvds_bsp/ps7_cortexa9_0/include -MMD -MP -MF"src/display_ctrl.d" -MT"src/display_ctrl.o" -o "src/display_ctrl.o" "../src/display_ctrl.c"
In file included from ../src/display_ctrl.c:63:0:
../src/display_ctrl.h:54:10: fatal error: xil_types.h: No such file or directory
 #include "xil_types.h"
          ^~~~~~~~~~~~~
compilation terminated.
make: *** [src/display_ctrl.o] ´íÎó 1
09:56:29 **** Auto Build of project vdma_lcd_lvds_bsp ****
make -k all 
"Running Make include in ps7_cortexa9_0/libsrc/axivdma_v6_5/src"
make -C ps7_cortexa9_0/libsrc/axivdma_v6_5/src -s include  "SHELL=CMD" "COMPILER=arm-none-eabi-gcc" "ARCHIVER=arm-none-eabi-ar" "COMPILER_FLAGS=  -O2 -c" "EXTRA_COMPILER_FLAGS=-mcpu=cortex-a9 -mfpu=vfpv3 -mfloat-abi=hard -nostartfiles -g -Wall -Wextra"
"Running Make include in ps7_cortexa9_0/libsrc/coresightps_dcc_v1_4/src"
make -C ps7_cortexa9_0/libsrc/coresightps_dcc_v1_4/src -s include  "SHELL=CMD" "COMPILER=arm-none-eabi-gcc" "ARCHIVER=arm-none-eabi-ar" "COMPILER_FLAGS=  -O2 -c" "EXTRA_COMPILER_FLAGS=-mcpu=cortex-a9 -mfpu=vfpv3 -mfloat-abi=hard -nostartfiles -g -Wall -Wextra"
"Running Make include in ps7_cortexa9_0/libsrc/cpu_cortexa9_v2_6/src"
make -C ps7_cortexa9_0/libsrc/cpu_cortexa9_v2_6/src -s include  "SHELL=CMD" "COMPILER=arm-none-eabi-gcc" "ARCHIVER=arm-none-eabi-ar" "COMPILER_FLAGS=  -O2 -c" "EXTRA_COMPILER_FLAGS=-mcpu=cortex-a9 -mfpu=vfpv3 -mfloat-abi=hard -nostartfiles -g -Wall -Wextra"
"Running Make include in ps7_cortexa9_0/libsrc/ddrps_v1_0/src"
make -C ps7_cortexa9_0/libsrc/ddrps_v1_0/src -s include  "SHELL=CMD" "COMPILER=arm-none-eabi-gcc" "ARCHIVER=arm-none-eabi-ar" "COMPILER_FLAGS=  -O2 -c" "EXTRA_COMPILER_FLAGS=-mcpu=cortex-a9 -mfpu=vfpv3 -mfloat-abi=hard -nostartfiles -g -Wall -Wextra"
"Running Make include in ps7_cortexa9_0/libsrc/devcfg_v3_5/src"
make -C ps7_cortexa9_0/libsrc/devcfg_v3_5/src -s include  "SHELL=CMD" "COMPILER=arm-none-eabi-gcc" "ARCHIVER=arm-none-eabi-ar" "COMPILER_FLAGS=  -O2 -c" "EXTRA_COMPILER_FLAGS=-mcpu=cortex-a9 -mfpu=vfpv3 -mfloat-abi=hard -nostartfiles -g -Wall -Wextra"
"Running Make include in ps7_cortexa9_0/libsrc/dmaps_v2_3/src"
make -C ps7_cortexa9_0/libsrc/dmaps_v2_3/src -s include  "SHELL=CMD" "COMPILER=arm-none-eabi-gcc" "ARCHIVER=arm-none-eabi-ar" "COMPILER_FLAGS=  -O2 -c" "EXTRA_COMPILER_FLAGS=-mcpu=cortex-a9 -mfpu=vfpv3 -mfloat-abi=hard -nostartfiles -g -Wall -Wextra"
"Running Make include in ps7_cortexa9_0/libsrc/qspips_v3_4/src"
make -C ps7_cortexa9_0/libsrc/qspips_v3_4/src -s include  "SHELL=CMD" "COMPILER=arm-none-eabi-gcc" "ARCHIVER=arm-none-eabi-ar" "COMPILER_FLAGS=  -O2 -c" "EXTRA_COMPILER_FLAGS=-mcpu=cortex-a9 -mfpu=vfpv3 -mfloat-abi=hard -nostartfiles -g -Wall -Wextra"
"Running Make include in ps7_cortexa9_0/libsrc/scugic_v3_9/src"
make -C ps7_cortexa9_0/libsrc/scugic_v3_9/src -s include  "SHELL=CMD" "COMPILER=arm-none-eabi-gcc" "ARCHIVER=arm-none-eabi-ar" "COMPILER_FLAGS=  -O2 -c" "EXTRA_COMPILER_FLAGS=-mcpu=cortex-a9 -mfpu=vfpv3 -mfloat-abi=hard -nostartfiles -g -Wall -Wextra"
"Running Make include in ps7_cortexa9_0/libsrc/scutimer_v2_1/src"
make -C ps7_cortexa9_0/libsrc/scutimer_v2_1/src -s include  "SHELL=CMD" "COMPILER=arm-none-eabi-gcc" "ARCHIVER=arm-none-eabi-ar" "COMPILER_FLAGS=  -O2 -c" "EXTRA_COMPILER_FLAGS=-mcpu=cortex-a9 -mfpu=vfpv3 -mfloat-abi=hard -nostartfiles -g -Wall -Wextra"
"Running Make include in ps7_cortexa9_0/libsrc/scuwdt_v2_1/src"
make -C ps7_cortexa9_0/libsrc/scuwdt_v2_1/src -s include  "SHELL=CMD" "COMPILER=arm-none-eabi-gcc" "ARCHIVER=arm-none-eabi-ar" "COMPILER_FLAGS=  -O2 -c" "EXTRA_COMPILER_FLAGS=-mcpu=cortex-a9 -mfpu=vfpv3 -mfloat-abi=hard -nostartfiles -g -Wall -Wextra"
"Running Make include in ps7_cortexa9_0/libsrc/standalone_v6_7/src"
make -C ps7_cortexa9_0/libsrc/standalone_v6_7/src -s include  "SHELL=CMD" "COMPILER=arm-none-eabi-gcc" "ARCHIVER=arm-none-eabi-ar" "COMPILER_FLAGS=  -O2 -c" "EXTRA_COMPILER_FLAGS=-mcpu=cortex-a9 -mfpu=vfpv3 -mfloat-abi=hard -nostartfiles -g -Wall -Wextra"
"Running Make include in ps7_cortexa9_0/libsrc/uartps_v3_6/src"
make -C ps7_cortexa9_0/libsrc/uartps_v3_6/src -s include  "SHELL=CMD" "COMPILER=arm-none-eabi-gcc" "ARCHIVER=arm-none-eabi-ar" "COMPILER_FLAGS=  -O2 -c" "EXTRA_COMPILER_FLAGS=-mcpu=cortex-a9 -mfpu=vfpv3 -mfloat-abi=hard -nostartfiles -g -Wall -Wextra"
"Running Make include in ps7_cortexa9_0/libsrc/vtc_v7_2/src"
make -C ps7_cortexa9_0/libsrc/vtc_v7_2/src -s include  "SHELL=CMD" "COMPILER=arm-none-eabi-gcc" "ARCHIVER=arm-none-eabi-ar" "COMPILER_FLAGS=  -O2 -c" "EXTRA_COMPILER_FLAGS=-mcpu=cortex-a9 -mfpu=vfpv3 -mfloat-abi=hard -nostartfiles -g -Wall -Wextra"
"Running Make include in ps7_cortexa9_0/libsrc/xadcps_v2_2/src"
make -C ps7_cortexa9_0/libsrc/xadcps_v2_2/src -s include  "SHELL=CMD" "COMPILER=arm-none-eabi-gcc" "ARCHIVER=arm-none-eabi-ar" "COMPILER_FLAGS=  -O2 -c" "EXTRA_COMPILER_FLAGS=-mcpu=cortex-a9 -mfpu=vfpv3 -mfloat-abi=hard -nostartfiles -g -Wall -Wextra"
"Running Make libs in ps7_cortexa9_0/libsrc/axivdma_v6_5/src"
make -C ps7_cortexa9_0/libsrc/axivdma_v6_5/src -s libs  "SHELL=CMD" "COMPILER=arm-none-eabi-gcc" "ARCHIVER=arm-none-eabi-ar" "COMPILER_FLAGS=  -O2 -c" "EXTRA_COMPILER_FLAGS=-mcpu=cortex-a9 -mfpu=vfpv3 -mfloat-abi=hard -nostartfiles -g -Wall -Wextra"
"Compiling axivdma"
arm-none-eabi-ar: creating ../../../lib/libxil.a
"Running Make libs in ps7_cortexa9_0/libsrc/coresightps_dcc_v1_4/src"
make -C ps7_cortexa9_0/libsrc/coresightps_dcc_v1_4/src -s libs  "SHELL=CMD" "COMPILER=arm-none-eabi-gcc" "ARCHIVER=arm-none-eabi-ar" "COMPILER_FLAGS=  -O2 -c" "EXTRA_COMPILER_FLAGS=-mcpu=cortex-a9 -mfpu=vfpv3 -mfloat-abi=hard -nostartfiles -g -Wall -Wextra"
"Compiling coresightps_dcc"
"Running Make libs in ps7_cortexa9_0/libsrc/cpu_cortexa9_v2_6/src"
make -C ps7_cortexa9_0/libsrc/cpu_cortexa9_v2_6/src -s libs  "SHELL=CMD" "COMPILER=arm-none-eabi-gcc" "ARCHIVER=arm-none-eabi-ar" "COMPILER_FLAGS=  -O2 -c" "EXTRA_COMPILER_FLAGS=-mcpu=cortex-a9 -mfpu=vfpv3 -mfloat-abi=hard -nostartfiles -g -Wall -Wextra"
"Compiling cpu_cortexa9"
"Running Make libs in ps7_cortexa9_0/libsrc/ddrps_v1_0/src"
make -C ps7_cortexa9_0/libsrc/ddrps_v1_0/src -s libs  "SHELL=CMD" "COMPILER=arm-none-eabi-gcc" "ARCHIVER=arm-none-eabi-ar" "COMPILER_FLAGS=  -O2 -c" "EXTRA_COMPILER_FLAGS=-mcpu=cortex-a9 -mfpu=vfpv3 -mfloat-abi=hard -nostartfiles -g -Wall -Wextra"
"Compiling ddrps"
"Running Make libs in ps7_cortexa9_0/libsrc/devcfg_v3_5/src"
make -C ps7_cortexa9_0/libsrc/devcfg_v3_5/src -s libs  "SHELL=CMD" "COMPILER=arm-none-eabi-gcc" "ARCHIVER=arm-none-eabi-ar" "COMPILER_FLAGS=  -O2 -c" "EXTRA_COMPILER_FLAGS=-mcpu=cortex-a9 -mfpu=vfpv3 -mfloat-abi=hard -nostartfiles -g -Wall -Wextra"
"Compiling devcfg"
"Running Make libs in ps7_cortexa9_0/libsrc/dmaps_v2_3/src"
make -C ps7_cortexa9_0/libsrc/dmaps_v2_3/src -s libs  "SHELL=CMD" "COMPILER=arm-none-eabi-gcc" "ARCHIVER=arm-none-eabi-ar" "COMPILER_FLAGS=  -O2 -c" "EXTRA_COMPILER_FLAGS=-mcpu=cortex-a9 -mfpu=vfpv3 -mfloat-abi=hard -nostartfiles -g -Wall -Wextra"
"Compiling dmaps"
"Running Make libs in ps7_cortexa9_0/libsrc/qspips_v3_4/src"
make -C ps7_cortexa9_0/libsrc/qspips_v3_4/src -s libs  "SHELL=CMD" "COMPILER=arm-none-eabi-gcc" "ARCHIVER=arm-none-eabi-ar" "COMPILER_FLAGS=  -O2 -c" "EXTRA_COMPILER_FLAGS=-mcpu=cortex-a9 -mfpu=vfpv3 -mfloat-abi=hard -nostartfiles -g -Wall -Wextra"
"Compiling qspips"
"Running Make libs in ps7_cortexa9_0/libsrc/scugic_v3_9/src"
make -C ps7_cortexa9_0/libsrc/scugic_v3_9/src -s libs  "SHELL=CMD" "COMPILER=arm-none-eabi-gcc" "ARCHIVER=arm-none-eabi-ar" "COMPILER_FLAGS=  -O2 -c" "EXTRA_COMPILER_FLAGS=-mcpu=cortex-a9 -mfpu=vfpv3 -mfloat-abi=hard -nostartfiles -g -Wall -Wextra"
"Compiling scugic"
"Running Make libs in ps7_cortexa9_0/libsrc/scutimer_v2_1/src"
make -C ps7_cortexa9_0/libsrc/scutimer_v2_1/src -s libs  "SHELL=CMD" "COMPILER=arm-none-eabi-gcc" "ARCHIVER=arm-none-eabi-ar" "COMPILER_FLAGS=  -O2 -c" "EXTRA_COMPILER_FLAGS=-mcpu=cortex-a9 -mfpu=vfpv3 -mfloat-abi=hard -nostartfiles -g -Wall -Wextra"
"Compiling scutimer"
"Running Make libs in ps7_cortexa9_0/libsrc/scuwdt_v2_1/src"
make -C ps7_cortexa9_0/libsrc/scuwdt_v2_1/src -s libs  "SHELL=CMD" "COMPILER=arm-none-eabi-gcc" "ARCHIVER=arm-none-eabi-ar" "COMPILER_FLAGS=  -O2 -c" "EXTRA_COMPILER_FLAGS=-mcpu=cortex-a9 -mfpu=vfpv3 -mfloat-abi=hard -nostartfiles -g -Wall -Wextra"
"Compiling scuwdt"
"Running Make libs in ps7_cortexa9_0/libsrc/standalone_v6_7/src"
make -C ps7_cortexa9_0/libsrc/standalone_v6_7/src -s libs  "SHELL=CMD" "COMPILER=arm-none-eabi-gcc" "ARCHIVER=arm-none-eabi-ar" "COMPILER_FLAGS=  -O2 -c" "EXTRA_COMPILER_FLAGS=-mcpu=cortex-a9 -mfpu=vfpv3 -mfloat-abi=hard -nostartfiles -g -Wall -Wextra"
"Compiling standalone"
"Running Make libs in ps7_cortexa9_0/libsrc/uartps_v3_6/src"
make -C ps7_cortexa9_0/libsrc/uartps_v3_6/src -s libs  "SHELL=CMD" "COMPILER=arm-none-eabi-gcc" "ARCHIVER=arm-none-eabi-ar" "COMPILER_FLAGS=  -O2 -c" "EXTRA_COMPILER_FLAGS=-mcpu=cortex-a9 -mfpu=vfpv3 -mfloat-abi=hard -nostartfiles -g -Wall -Wextra"
"Compiling uartps"
"Running Make libs in ps7_cortexa9_0/libsrc/vtc_v7_2/src"
make -C ps7_cortexa9_0/libsrc/vtc_v7_2/src -s libs  "SHELL=CMD" "COMPILER=arm-none-eabi-gcc" "ARCHIVER=arm-none-eabi-ar" "COMPILER_FLAGS=  -O2 -c" "EXTRA_COMPILER_FLAGS=-mcpu=cortex-a9 -mfpu=vfpv3 -mfloat-abi=hard -nostartfiles -g -Wall -Wextra"
"Compiling video timing controller"
"Running Make libs in ps7_cortexa9_0/libsrc/xadcps_v2_2/src"
make -C ps7_cortexa9_0/libsrc/xadcps_v2_2/src -s libs  "SHELL=CMD" "COMPILER=arm-none-eabi-gcc" "ARCHIVER=arm-none-eabi-ar" "COMPILER_FLAGS=  -O2 -c" "EXTRA_COMPILER_FLAGS=-mcpu=cortex-a9 -mfpu=vfpv3 -mfloat-abi=hard -nostartfiles -g -Wall -Wextra"
"Compiling xadcps"
'Finished building libraries'
09:56:48 **** Auto Build of configuration Debug for project vdma_lcd_lvds ****
make pre-build main-build 
a9-linaro-pre-build-step
' '
'Building file: ../src/display_ctrl.c'
'Invoking: ARM v7 gcc compiler'
arm-none-eabi-gcc -Wall -O0 -g3 -c -fmessage-length=0 -MT"src/display_ctrl.o" -mcpu=cortex-a9 -mfpu=vfpv3 -mfloat-abi=hard -I../../vdma_lcd_lvds_bsp/ps7_cortexa9_0/include -MMD -MP -MF"src/display_ctrl.d" -MT"src/display_ctrl.o" -o "src/display_ctrl.o" "../src/display_ctrl.c"
'Finished building: ../src/display_ctrl.c'
' '
'Building file: ../src/display_demo.c'
'Invoking: ARM v7 gcc compiler'
arm-none-eabi-gcc -Wall -O0 -g3 -c -fmessage-length=0 -MT"src/display_demo.o" -mcpu=cortex-a9 -mfpu=vfpv3 -mfloat-abi=hard -I../../vdma_lcd_lvds_bsp/ps7_cortexa9_0/include -MMD -MP -MF"src/display_demo.d" -MT"src/display_demo.o" -o "src/display_demo.o" "../src/display_demo.c"
../src/display_demo.c: In function 'DemoPrintTest':
../src/display_demo.c:137:6: warning: unused variable 'pixelIdx' [-Wunused-variable]
  u32 pixelIdx = 0;
      ^~~~~~~~
'Finished building: ../src/display_demo.c'
' '
'Building file: ../src/platform.c'
'Invoking: ARM v7 gcc compiler'
arm-none-eabi-gcc -Wall -O0 -g3 -c -fmessage-length=0 -MT"src/platform.o" -mcpu=cortex-a9 -mfpu=vfpv3 -mfloat-abi=hard -I../../vdma_lcd_lvds_bsp/ps7_cortexa9_0/include -MMD -MP -MF"src/platform.d" -MT"src/platform.o" -o "src/platform.o" "../src/platform.c"
'Finished building: ../src/platform.c'
' '
'Building file: ../src/vdma_config.c'
'Invoking: ARM v7 gcc compiler'
arm-none-eabi-gcc -Wall -O0 -g3 -c -fmessage-length=0 -MT"src/vdma_config.o" -mcpu=cortex-a9 -mfpu=vfpv3 -mfloat-abi=hard -I../../vdma_lcd_lvds_bsp/ps7_cortexa9_0/include -MMD -MP -MF"src/vdma_config.d" -MT"src/vdma_config.o" -o "src/vdma_config.o" "../src/vdma_config.c"
'Finished building: ../src/vdma_config.c'
' '
'Building file: ../src/vtc_config.c'
'Invoking: ARM v7 gcc compiler'
arm-none-eabi-gcc -Wall -O0 -g3 -c -fmessage-length=0 -MT"src/vtc_config.o" -mcpu=cortex-a9 -mfpu=vfpv3 -mfloat-abi=hard -I../../vdma_lcd_lvds_bsp/ps7_cortexa9_0/include -MMD -MP -MF"src/vtc_config.d" -MT"src/vtc_config.o" -o "src/vtc_config.o" "../src/vtc_config.c"
'Finished building: ../src/vtc_config.c'
' '
'Building target: vdma_lcd_lvds.elf'
'Invoking: ARM v7 gcc linker'
arm-none-eabi-gcc -mcpu=cortex-a9 -mfpu=vfpv3 -mfloat-abi=hard -Wl,-build-id=none -specs=Xilinx.spec -Wl,-T -Wl,../src/lscript.ld -L../../vdma_lcd_lvds_bsp/ps7_cortexa9_0/lib -o "vdma_lcd_lvds.elf"  ./src/display_ctrl.o ./src/display_demo.o ./src/platform.o ./src/vdma_config.o ./src/vtc_config.o   -Wl,--start-group,-lxil,-lgcc,-lc,--end-group
'Finished building target: vdma_lcd_lvds.elf'
' '
'Invoking: ARM v7 Print Size'
arm-none-eabi-size vdma_lcd_lvds.elf  |tee "vdma_lcd_lvds.elf.size"
   text	   data	    bss	    dec	    hex	filename
6275116	   1824	24908752	31185692	1dbdb1c	vdma_lcd_lvds.elf
'Finished building: vdma_lcd_lvds.elf.size'
' '
09:57:48 **** Auto Build of configuration Debug for project vdma_lcd_lvds ****
make pre-build main-build 
a9-linaro-pre-build-step
' '
'Building file: ../src/display_demo.c'
'Invoking: ARM v7 gcc compiler'
arm-none-eabi-gcc -Wall -O0 -g3 -c -fmessage-length=0 -MT"src/display_demo.o" -mcpu=cortex-a9 -mfpu=vfpv3 -mfloat-abi=hard -I../../vdma_lcd_lvds_bsp/ps7_cortexa9_0/include -MMD -MP -MF"src/display_demo.d" -MT"src/display_demo.o" -o "src/display_demo.o" "../src/display_demo.c"
../src/display_demo.c: In function 'DemoPrintTest':
../src/display_demo.c:137:6: warning: unused variable 'pixelIdx' [-Wunused-variable]
  u32 pixelIdx = 0;
      ^~~~~~~~
'Finished building: ../src/display_demo.c'
' '
'Building target: vdma_lcd_lvds.elf'
'Invoking: ARM v7 gcc linker'
arm-none-eabi-gcc -mcpu=cortex-a9 -mfpu=vfpv3 -mfloat-abi=hard -Wl,-build-id=none -specs=Xilinx.spec -Wl,-T -Wl,../src/lscript.ld -L../../vdma_lcd_lvds_bsp/ps7_cortexa9_0/lib -o "vdma_lcd_lvds.elf"  ./src/display_ctrl.o ./src/display_demo.o ./src/platform.o ./src/vdma_config.o ./src/vtc_config.o   -Wl,--start-group,-lxil,-lgcc,-lc,--end-group
'Finished building target: vdma_lcd_lvds.elf'
' '
'Invoking: ARM v7 Print Size'
arm-none-eabi-size vdma_lcd_lvds.elf  |tee "vdma_lcd_lvds.elf.size"
   text	   data	    bss	    dec	    hex	filename
6275116	   1824	24908752	31185692	1dbdb1c	vdma_lcd_lvds.elf
'Finished building: vdma_lcd_lvds.elf.size'
' '
09:59:30 **** Incremental Build of configuration Debug for project vdma_lcd_lvds ****
make pre-build main-build 
a9-linaro-pre-build-step
' '
make: Nothing to be done for `main-build'.
10:00:19 **** Auto Build of configuration Debug for project vdma_lcd_lvds ****
make pre-build main-build 
a9-linaro-pre-build-step
' '
'Building file: ../src/display_demo.c'
'Invoking: ARM v7 gcc compiler'
arm-none-eabi-gcc -Wall -O0 -g3 -c -fmessage-length=0 -MT"src/display_demo.o" -mcpu=cortex-a9 -mfpu=vfpv3 -mfloat-abi=hard -I../../vdma_lcd_lvds_bsp/ps7_cortexa9_0/include -MMD -MP -MF"src/display_demo.d" -MT"src/display_demo.o" -o "src/display_demo.o" "../src/display_demo.c"
../src/display_demo.c: In function 'DemoPrintTest':
../src/display_demo.c:137:6: warning: unused variable 'pixelIdx' [-Wunused-variable]
  u32 pixelIdx = 0;
      ^~~~~~~~
'Finished building: ../src/display_demo.c'
' '
'Building target: vdma_lcd_lvds.elf'
'Invoking: ARM v7 gcc linker'
arm-none-eabi-gcc -mcpu=cortex-a9 -mfpu=vfpv3 -mfloat-abi=hard -Wl,-build-id=none -specs=Xilinx.spec -Wl,-T -Wl,../src/lscript.ld -L../../vdma_lcd_lvds_bsp/ps7_cortexa9_0/lib -o "vdma_lcd_lvds.elf"  ./src/display_ctrl.o ./src/display_demo.o ./src/platform.o ./src/vdma_config.o ./src/vtc_config.o   -Wl,--start-group,-lxil,-lgcc,-lc,--end-group
'Finished building target: vdma_lcd_lvds.elf'
' '
'Invoking: ARM v7 Print Size'
arm-none-eabi-size vdma_lcd_lvds.elf  |tee "vdma_lcd_lvds.elf.size"
   text	   data	    bss	    dec	    hex	filename
6275116	   1824	24908752	31185692	1dbdb1c	vdma_lcd_lvds.elf
'Finished building: vdma_lcd_lvds.elf.size'
' '
